STAGE={"stage": "canonical_geometry_verified", "elapsed_s": 5.0780145837925375, "peak_rss_gib": 0.0528106689453125, "n_traces": 26, "cad_report_sha256": "185994c79376c221d5d4dfc3cbc893988669eafe8cad9f2223f3f89c78d76dc7"}
STAGE={"stage": "planar_inputs_preserved", "elapsed_s": 5.105585635872558, "peak_rss_gib": 0.0615997314453125, "surfaces": 27}
STAGE={"stage": "planar_cad_preserved", "elapsed_s": 5.198437784798443, "peak_rss_gib": 0.0645294189453125, "cad_sha256": "7d4fd4f25e9e4df01752685102327e3b678545278e578ab38938beed2ce3dd89"}
STAGE={"stage": "planar_cad_verified", "elapsed_s": 5.22792702796869, "peak_rss_gib": 0.0645294189453125, "entity_counts": {"0": 154, "1": 200, "2": 58}}
STAGE={"stage": "planar_mesh_generate_started", "elapsed_s": 5.232200781814754, "peak_rss_gib": 0.0645294189453125, "dimension": 2}
Info    : Meshing 1D...
Info    : [  0%] Meshing curve 1 (Line)
Info    : [ 10%] Meshing curve 2 (Line)
Info    : [ 10%] Meshing curve 3 (Line)
Info    : [ 10%] Meshing curve 4 (Line)
Info    : [ 10%] Meshing curve 5 (Line)
Info    : [ 10%] Meshing curve 6 (Line)
Info    : [ 10%] Meshing curve 7 (Line)
Info    : [ 10%] Meshing curve 8 (Line)
Info    : [ 10%] Meshing curve 9 (Line)
Info    : [ 10%] Meshing curve 10 (Line)
Info    : [ 10%] Meshing curve 11 (Line)
Info    : [ 10%] Meshing curve 12 (Line)
Info    : [ 10%] Meshing curve 13 (Line)
Info    : [ 10%] Meshing curve 14 (Line)
Info    : [ 10%] Meshing curve 15 (Line)
Info    : [ 10%] Meshing curve 16 (Line)
Info    : [ 10%] Meshing curve 17 (Line)
Info    : [ 10%] Meshing curve 18 (Line)
Info    : [ 10%] Meshing curve 19 (Line)
Info    : [ 10%] Meshing curve 20 (Line)
Info    : [ 20%] Meshing curve 21 (Line)
Info    : [ 20%] Meshing curve 22 (Line)
Info    : [ 20%] Meshing curve 23 (Line)
Info    : [ 20%] Meshing curve 24 (Line)
Info    : [ 20%] Meshing curve 25 (Line)
Info    : [ 20%] Meshing curve 26 (Line)
Info    : [ 20%] Meshing curve 27 (Line)
Info    : [ 20%] Meshing curve 28 (Line)
Info    : [ 20%] Meshing curve 29 (Line)
Info    : [ 20%] Meshing curve 30 (Line)
Info    : [ 20%] Meshing curve 31 (Line)
Info    : [ 20%] Meshing curve 32 (Line)
Info    : [ 20%] Meshing curve 33 (Line)
Info    : [ 20%] Meshing curve 34 (Line)
Info    : [ 20%] Meshing curve 35 (Line)
Info    : [ 20%] Meshing curve 36 (Line)
Info    : [ 20%] Meshing curve 37 (Line)
Info    : [ 20%] Meshing curve 38 (Line)
Info    : [ 20%] Meshing curve 39 (Line)
Info    : [ 20%] Meshing curve 40 (Line)
Info    : [ 30%] Meshing curve 41 (Line)
Info    : [ 30%] Meshing curve 42 (Line)
Info    : [ 30%] Meshing curve 43 (Line)
Info    : [ 30%] Meshing curve 44 (Line)
Info    : [ 30%] Meshing curve 45 (Line)
Info    : [ 30%] Meshing curve 46 (Line)
Info    : [ 30%] Meshing curve 47 (Line)
Info    : [ 30%] Meshing curve 48 (Line)
Info    : [ 30%] Meshing curve 49 (Line)
Info    : [ 30%] Meshing curve 50 (Line)
Info    : [ 30%] Meshing curve 51 (Line)
Info    : [ 30%] Meshing curve 52 (Line)
Info    : [ 30%] Meshing curve 53 (Line)
Info    : [ 30%] Meshing curve 54 (Line)
Info    : [ 30%] Meshing curve 55 (Line)
Info    : [ 30%] Meshing curve 56 (Line)
Info    : [ 30%] Meshing curve 57 (Line)
Info    : [ 30%] Meshing curve 58 (Line)
Info    : [ 30%] Meshing curve 59 (Line)
Info    : [ 30%] Meshing curve 60 (Line)
Info    : [ 40%] Meshing curve 61 (Line)
Info    : [ 40%] Meshing curve 62 (Line)
Info    : [ 40%] Meshing curve 63 (Line)
Info    : [ 40%] Meshing curve 64 (Line)
Info    : [ 40%] Meshing curve 65 (Line)
Info    : [ 40%] Meshing curve 66 (Line)
Info    : [ 40%] Meshing curve 67 (Line)
Info    : [ 40%] Meshing curve 68 (Line)
Info    : [ 40%] Meshing curve 69 (Line)
Info    : [ 40%] Meshing curve 70 (Line)
Info    : [ 40%] Meshing curve 71 (Line)
Info    : [ 40%] Meshing curve 72 (Line)
Info    : [ 40%] Meshing curve 73 (Line)
Info    : [ 40%] Meshing curve 74 (Line)
Info    : [ 40%] Meshing curve 75 (Line)
Info    : [ 40%] Meshing curve 76 (Line)
Info    : [ 40%] Meshing curve 77 (Line)
Info    : [ 40%] Meshing curve 78 (Line)
Info    : [ 40%] Meshing curve 79 (Line)
Info    : [ 40%] Meshing curve 80 (Line)
Info    : [ 50%] Meshing curve 81 (Line)
Info    : [ 50%] Meshing curve 82 (Line)
Info    : [ 50%] Meshing curve 83 (Line)
Info    : [ 50%] Meshing curve 84 (Line)
Info    : [ 50%] Meshing curve 85 (Line)
Info    : [ 50%] Meshing curve 86 (Line)
Info    : [ 50%] Meshing curve 87 (Line)
Info    : [ 50%] Meshing curve 88 (Line)
Info    : [ 50%] Meshing curve 89 (Line)
Info    : [ 50%] Meshing curve 90 (Line)
Info    : [ 50%] Meshing curve 91 (Line)
Info    : [ 50%] Meshing curve 92 (Line)
Info    : [ 50%] Meshing curve 93 (Line)
Info    : [ 50%] Meshing curve 94 (Line)
Info    : [ 50%] Meshing curve 95 (Line)
Info    : [ 50%] Meshing curve 96 (Line)
Info    : [ 50%] Meshing curve 97 (Line)
Info    : [ 50%] Meshing curve 98 (Line)
Info    : [ 50%] Meshing curve 99 (Line)
Info    : [ 50%] Meshing curve 100 (Line)
Info    : [ 60%] Meshing curve 101 (Line)
Info    : [ 60%] Meshing curve 102 (Line)
Info    : [ 60%] Meshing curve 103 (Line)
Info    : [ 60%] Meshing curve 104 (Line)
Info    : [ 60%] Meshing curve 105 (Line)
Info    : [ 60%] Meshing curve 106 (Line)
Info    : [ 60%] Meshing curve 107 (Line)
Info    : [ 60%] Meshing curve 108 (Line)
Info    : [ 60%] Meshing curve 109 (Line)
Info    : [ 60%] Meshing curve 110 (Line)
Info    : [ 60%] Meshing curve 111 (Line)
Info    : [ 60%] Meshing curve 112 (Line)
Info    : [ 60%] Meshing curve 113 (Line)
Info    : [ 60%] Meshing curve 114 (Line)
Info    : [ 60%] Meshing curve 115 (Line)
Info    : [ 60%] Meshing curve 116 (Line)
Info    : [ 60%] Meshing curve 117 (Line)
Info    : [ 60%] Meshing curve 118 (Line)
Info    : [ 60%] Meshing curve 119 (Line)
Info    : [ 60%] Meshing curve 120 (Line)
Info    : [ 70%] Meshing curve 121 (Line)
Info    : [ 70%] Meshing curve 122 (Line)
Info    : [ 70%] Meshing curve 123 (Line)
Info    : [ 70%] Meshing curve 124 (Line)
Info    : [ 70%] Meshing curve 125 (Line)
Info    : [ 70%] Meshing curve 126 (Line)
Info    : [ 70%] Meshing curve 127 (Line)
Info    : [ 70%] Meshing curve 128 (Line)
Info    : [ 70%] Meshing curve 129 (Line)
Info    : [ 70%] Meshing curve 130 (Line)
Info    : [ 70%] Meshing curve 131 (Line)
Info    : [ 70%] Meshing curve 132 (Line)
Info    : [ 70%] Meshing curve 133 (Line)
Info    : [ 70%] Meshing curve 134 (Line)
Info    : [ 70%] Meshing curve 135 (Line)
Info    : [ 70%] Meshing curve 136 (Line)
Info    : [ 70%] Meshing curve 137 (Line)
Info    : [ 70%] Meshing curve 138 (Line)
Info    : [ 70%] Meshing curve 139 (Line)
Info    : [ 70%] Meshing curve 140 (Line)
Info    : [ 80%] Meshing curve 141 (Line)
Info    : [ 80%] Meshing curve 142 (Line)
Info    : [ 80%] Meshing curve 143 (Line)
Info    : [ 80%] Meshing curve 144 (Line)
Info    : [ 80%] Meshing curve 145 (Line)
Info    : [ 80%] Meshing curve 146 (Line)
Info    : [ 80%] Meshing curve 147 (Line)
Info    : [ 80%] Meshing curve 148 (Line)
Info    : [ 80%] Meshing curve 149 (Line)
Info    : [ 80%] Meshing curve 150 (Line)
Info    : [ 80%] Meshing curve 151 (Line)
Info    : [ 80%] Meshing curve 152 (Line)
Info    : [ 80%] Meshing curve 153 (Line)
Info    : [ 80%] Meshing curve 154 (Line)
Info    : [ 80%] Meshing curve 155 (Line)
Info    : [ 80%] Meshing curve 156 (Line)
Info    : [ 80%] Meshing curve 157 (Line)
Info    : [ 80%] Meshing curve 158 (Line)
Info    : [ 80%] Meshing curve 159 (Line)
Info    : [ 80%] Meshing curve 160 (Line)
Info    : [ 90%] Meshing curve 161 (Line)
Info    : [ 90%] Meshing curve 162 (Line)
Info    : [ 90%] Meshing curve 163 (Line)
Info    : [ 90%] Meshing curve 164 (Line)
Info    : [ 90%] Meshing curve 165 (Line)
Info    : [ 90%] Meshing curve 166 (Line)
Info    : [ 90%] Meshing curve 167 (Line)
Info    : [ 90%] Meshing curve 168 (Line)
Info    : [ 90%] Meshing curve 169 (Line)
Info    : [ 90%] Meshing curve 170 (Line)
Info    : [ 90%] Meshing curve 171 (Line)
Info    : [ 90%] Meshing curve 172 (Line)
Info    : [ 90%] Meshing curve 173 (Line)
Info    : [ 90%] Meshing curve 174 (Line)
Info    : [ 90%] Meshing curve 175 (Line)
Info    : [ 90%] Meshing curve 176 (Line)
Info    : [ 90%] Meshing curve 177 (Line)
Info    : [ 90%] Meshing curve 178 (Line)
Info    : [ 90%] Meshing curve 179 (Line)
Info    : [ 90%] Meshing curve 180 (Line)
Info    : [100%] Meshing curve 181 (Line)
Info    : [100%] Meshing curve 182 (Line)
Info    : [100%] Meshing curve 183 (Line)
Info    : [100%] Meshing curve 184 (Line)
Info    : [100%] Meshing curve 185 (Line)
Info    : [100%] Meshing curve 186 (Line)
Info    : [100%] Meshing curve 187 (Line)
Info    : [100%] Meshing curve 188 (Line)
Info    : [100%] Meshing curve 189 (Line)
Info    : [100%] Meshing curve 190 (Line)
Info    : [100%] Meshing curve 191 (Line)
Info    : [100%] Meshing curve 192 (Line)
Info    : [100%] Meshing curve 193 (Line)
Info    : [100%] Meshing curve 194 (Line)
Info    : [100%] Meshing curve 195 (Line)
Info    : [100%] Meshing curve 196 (Line)
Info    : [100%] Meshing curve 197 (Line)
Info    : [100%] Meshing curve 198 (Line)
Info    : [100%] Meshing curve 199 (Line)
Info    : [100%] Meshing curve 200 (Line)
Info    : Done meshing 1D (Wall 0.0492693s, CPU 0.041925s)
Info    : Meshing 2D...
Info    : [  0%] Meshing surface 6 (Plane, Delaunay)
Info    : [ 10%] Meshing surface 14 (Plane, Delaunay)
Info    : [ 10%] Meshing surface 17 (Plane, Delaunay)
Info    : [ 10%] Meshing surface 19 (Plane, Delaunay)
Info    : [ 10%] Meshing surface 20 (Plane, Delaunay)
Info    : [ 10%] Meshing surface 21 (Plane, Delaunay)
Info    : [ 20%] Meshing surface 22 (Plane, Delaunay)
Info    : [ 20%] Meshing surface 23 (Plane, Delaunay)
Info    : [ 20%] Meshing surface 24 (Plane, Delaunay)
Info    : [ 20%] Meshing surface 25 (Plane, Delaunay)
Info    : [ 20%] Meshing surface 26 (Plane, Delaunay)
Info    : [ 20%] Meshing surface 27 (Plane, Delaunay)
Info    : [ 30%] Meshing surface 28 (Plane, Delaunay)
Info    : [ 30%] Meshing surface 29 (Plane, Delaunay)
Info    : [ 30%] Meshing surface 30 (Plane, Delaunay)
Info    : [ 30%] Meshing surface 31 (Plane, Delaunay)
Info    : [ 30%] Meshing surface 32 (Plane, Delaunay)
Info    : [ 30%] Meshing surface 33 (Plane, Delaunay)
Info    : [ 40%] Meshing surface 34 (Plane, Delaunay)
Info    : [ 40%] Meshing surface 35 (Plane, Delaunay)
Info    : [ 40%] Meshing surface 36 (Plane, Delaunay)
Info    : [ 40%] Meshing surface 37 (Plane, Delaunay)
Info    : [ 40%] Meshing surface 38 (Plane, Delaunay)
Info    : [ 40%] Meshing surface 39 (Plane, Delaunay)
Info    : [ 50%] Meshing surface 40 (Plane, Delaunay)
Info    : [ 50%] Meshing surface 41 (Plane, Delaunay)
Info    : [ 50%] Meshing surface 42 (Plane, Delaunay)
Info    : [ 50%] Meshing surface 43 (Plane, Delaunay)
Info    : [ 50%] Meshing surface 44 (Plane, Delaunay)
Info    : [ 60%] Meshing surface 45 (Plane, Delaunay)
Info    : [ 60%] Meshing surface 46 (Plane, Delaunay)
Info    : [ 60%] Meshing surface 47 (Plane, Delaunay)
Info    : [ 60%] Meshing surface 48 (Plane, Delaunay)
Info    : [ 60%] Meshing surface 49 (Plane, Delaunay)
Info    : [ 60%] Meshing surface 50 (Plane, Delaunay)
Info    : [ 70%] Meshing surface 51 (Plane, Delaunay)
Info    : [ 70%] Meshing surface 52 (Plane, Delaunay)
Info    : [ 70%] Meshing surface 53 (Plane, Delaunay)
Info    : [ 70%] Meshing surface 54 (Plane, Delaunay)
Info    : [ 70%] Meshing surface 55 (Plane, Delaunay)
Info    : [ 70%] Meshing surface 56 (Plane, Delaunay)
Info    : [ 80%] Meshing surface 57 (Plane, Delaunay)
Info    : [ 80%] Meshing surface 58 (Plane, Delaunay)
Info    : [ 80%] Meshing surface 59 (Plane, Delaunay)
Info    : [ 80%] Meshing surface 60 (Plane, Delaunay)
Info    : [ 80%] Meshing surface 61 (Plane, Delaunay)
Info    : [ 80%] Meshing surface 62 (Plane, Delaunay)
Info    : [ 90%] Meshing surface 63 (Plane, Delaunay)
Info    : [ 90%] Meshing surface 64 (Plane, Delaunay)
Info    : [ 90%] Meshing surface 65 (Plane, Delaunay)
Info    : [ 90%] Meshing surface 66 (Plane, Delaunay)
Info    : [ 90%] Meshing surface 67 (Plane, Delaunay)
Info    : [ 90%] Meshing surface 68 (Plane, Delaunay)
Info    : [100%] Meshing surface 69 (Plane, Delaunay)
Info    : [100%] Meshing surface 70 (Plane, Delaunay)
Info    : [100%] Meshing surface 71 (Plane, Delaunay)
Info    : [100%] Meshing surface 72 (Plane, Delaunay)
Info    : [100%] Meshing surface 73 (Plane, Delaunay)
Info    : Done meshing 2D (Wall 3.49098s, CPU 3.43919s)
Info    : 261884 nodes 550830 elements
STAGE={"stage": "planar_mesh_generate_finished", "elapsed_s": 8.998989950865507, "peak_rss_gib": 0.1309356689453125, "dimension": 2}
