STAGE={"stage": "geometry_validated", "elapsed_s": 3.8717613599728793, "peak_rss_gib": 0.07025146484375, "n_traces": 2}
STAGE={"stage": "occ_fragmented", "elapsed_s": 4.104749626014382, "peak_rss_gib": 0.08001708984375, "n_volumes": 3}
STAGE={"stage": "mesh_generate_started", "elapsed_s": 4.105941063025966, "peak_rss_gib": 0.08001708984375, "h_min": 0.05600000000000001, "h_max": 2.0, "mesh_policy": {"options": {"Mesh.Algorithm": 5.0, "Mesh.Algorithm3D": 10.0, "Mesh.MeshSizeFromPoints": 0.0, "Mesh.MeshSizeFromCurvature": 0.0, "Mesh.MeshSizeExtendFromBoundary": 0.0, "Mesh.RandomSeed": 1.0, "Mesh.Optimize": 0.0, "Mesh.OptimizeNetgen": 0.0, "Mesh.OptimizeThreshold": 0.3, "Mesh.MeshSizeMin": 0.12, "Mesh.MeshSizeMax": 1.0, "General.NumThreads": 1.0, "Mesh.MaxNumThreads1D": 1.0, "Mesh.MaxNumThreads2D": 1.0, "Mesh.MaxNumThreads3D": 1.0}, "boxes": [{"XMin": 1.945, "XMax": 4.055, "YMin": 1.945, "YMax": 3.055, "ZMin": 0.010000000000000002, "ZMax": 0.19, "VIn": 0.12, "VOut": 1.0, "Thickness": 0.5}, {"XMin": 1.945, "XMax": 4.055, "YMin": 1.945, "YMax": 3.055, "ZMin": 0.19000000000000003, "ZMax": 0.37000000000000005, "VIn": 0.12, "VOut": 1.0, "Thickness": 0.5}], "near_size_mm": 0.12, "far_size_mm": 1.0, "pad_mm": 2.0}, "native_log_options": {"General.Terminal": 1.0, "General.Verbosity": 5.0}, "gmsh_build_options": "64Bit ALGLIB[contrib] ANN[contrib] Bamg Blas[petsc] Blossom Cgns DIntegration Dlopen DomHex Eigen[contrib] Fltk Gmm[contrib] Hxt Jpeg Kbipack Lapack[petsc] LinuxJoystick MathEx[contrib] Med Mesh Metis[contrib] Mmg Mpeg Netgen Nii2mesh ONELAB ONELABMetamodel OpenCASCADE OpenCASCADE-CAF OpenGL OpenMP OptHom PETSc Parser Plugins Png Post QuadMeshingTools QuadTri Solver TetGen/BR TinyXML2[contrib] Untangle Voro++[contrib] WinslowUntangler Zlib tinyobjloader", "inherited_h_min_h_max_overridden": true}
Info    : Meshing 1D...
Info    : [  0%] Meshing curve 13 (Line)
Info    : [ 10%] Meshing curve 14 (Line)
Info    : [ 10%] Meshing curve 15 (Line)
Info    : [ 10%] Meshing curve 16 (Line)
Info    : [ 20%] Meshing curve 17 (Line)
Info    : [ 20%] Meshing curve 18 (Line)
Info    : [ 20%] Meshing curve 19 (Line)
Info    : [ 20%] Meshing curve 20 (Line)
Info    : [ 30%] Meshing curve 21 (Line)
Info    : [ 30%] Meshing curve 22 (Line)
Info    : [ 30%] Meshing curve 23 (Line)
Info    : [ 40%] Meshing curve 24 (Line)
Info    : [ 40%] Meshing curve 25 (Line)
Info    : [ 40%] Meshing curve 26 (Line)
Info    : [ 40%] Meshing curve 27 (Line)
Info    : [ 50%] Meshing curve 28 (Line)
Info    : [ 50%] Meshing curve 29 (Line)
Info    : [ 50%] Meshing curve 30 (Line)
Info    : [ 60%] Meshing curve 31 (Line)
Info    : [ 60%] Meshing curve 32 (Line)
Info    : [ 60%] Meshing curve 33 (Line)
Info    : [ 60%] Meshing curve 34 (Line)
Info    : [ 70%] Meshing curve 35 (Line)
Info    : [ 70%] Meshing curve 36 (Line)
Info    : [ 70%] Meshing curve 37 (Line)
Info    : [ 70%] Meshing curve 38 (Line)
Info    : [ 80%] Meshing curve 39 (Line)
Info    : [ 80%] Meshing curve 40 (Line)
Info    : [ 80%] Meshing curve 41 (Line)
Info    : [ 90%] Meshing curve 42 (Line)
Info    : [ 90%] Meshing curve 43 (Line)
Info    : [ 90%] Meshing curve 44 (Line)
Info    : [ 90%] Meshing curve 45 (Line)
Info    : [100%] Meshing curve 46 (Line)
Info    : [100%] Meshing curve 47 (Line)
Info    : [100%] Meshing curve 48 (Line)
Info    : Done meshing 1D (Wall 0.0101203s, CPU 0.002102s)
Info    : Meshing 2D...
Info    : [  0%] Meshing surface 7 (Plane, Delaunay)
Info    : [ 10%] Meshing surface 8 (Plane, Delaunay)
Info    : [ 20%] Meshing surface 9 (Plane, Delaunay)
Info    : [ 20%] Meshing surface 10 (Plane, Delaunay)
Info    : [ 30%] Meshing surface 11 (Plane, Delaunay)
Info    : [ 30%] Meshing surface 12 (Plane, Delaunay)
Info    : [ 40%] Meshing surface 13 (Plane, Delaunay)
Info    : [ 40%] Meshing surface 14 (Plane, Delaunay)
Info    : [ 50%] Meshing surface 15 (Plane, Delaunay)
Info    : [ 60%] Meshing surface 16 (Plane, Delaunay)
Info    : [ 60%] Meshing surface 17 (Plane, Delaunay)
Info    : [ 70%] Meshing surface 18 (Plane, Delaunay)
Info    : [ 70%] Meshing surface 19 (Plane, Delaunay)
Info    : [ 80%] Meshing surface 20 (Plane, Delaunay)
Info    : [ 80%] Meshing surface 21 (Plane, Delaunay)
Info    : [ 90%] Meshing surface 22 (Plane, Delaunay)
Info    : [ 90%] Meshing surface 23 (Plane, Delaunay)
Info    : [100%] Meshing surface 24 (Plane, Delaunay)
Info    : Done meshing 2D (Wall 0.0386268s, CPU 0.030106s)
Info    : Meshing 3D...
Info    : 3D Meshing 3 volumes with 1 connected component
Info    : Input mesh hash 49a803b66b19a647
Info    : Creating an empty mesh with 1221 vertices
Info    : Initialization of tet. mesh
Info    : Delaunay of       1217 points on   1 threads - mesh.nvert: 4         
Info    : Recovering 8 missing facet(s)
Info    : Recover Delaunay
Info    : All volumes of the BRep were found and colorized accordingly
Info    : Computing mesh sizes...
Info    : Done computing mesh sizes
Info    : Delaunay of       1469 points on   1 threads - mesh.nvert: 1221      
Info    :           -       1445 points filtered
Info    :           =         24 points added
Info    : Computing mesh sizes...
Info    : Done computing mesh sizes
Info    : Delaunay of        107 points on   1 threads - mesh.nvert: 1245      
Info    :           -        100 points filtered
Info    :           =          7 points added
Info    : Computing mesh sizes...
Info    : Done computing mesh sizes
Info    : Delaunay of         10 points on   1 threads - mesh.nvert: 1252      
Info    :           -          9 points filtered
Info    :           =          1 points added
Info    : Computing mesh sizes...
Info    : Done computing mesh sizes
Info    :  	Final tet. mesh contains 6893 tetrahedra
Info    :  	Final tet. mesh contains 1253 vertices
Info    : tEmptyMesh  	 = 	    0.011
Info    : tVerifyBnd  	 = 	    0.001
Info    : tBndRecovery	 = 	    0.013
Info    : tConvertMesh	 = 	    0.001
Info    : tRefine     	 = 	    0.004
Info    : tOptimize   	 = 	    0.000 (mesh optimization disabled)
Info    : Done meshing 3D (Wall 0.038743s, CPU 0.028075s)
Info    : 1253 nodes 9191 elements
STAGE={"stage": "raw_mesh_generated", "elapsed_s": 4.222035957034677, "peak_rss_gib": 0.08782958984375, "n_nodes": 1253, "mesh_quality": {"schema": "pcb-gnn.tet-quality-diagnostic.v1", "metrics": ["minSICN", "minDetJac"], "metric_units": {"minSICN": "dimensionless", "minDetJac": "mm^3 in the native Gmsh coordinate system"}, "quantile_probabilities": [0.0, 0.01, 0.05, 0.5, 0.95, 0.99, 1.0], "quantile_method": "linear", "element_count": 6457, "arrays_sha256": "65cdd3392570b76513d994cf86a1ffe3924894155b7cc30c13347ed2c031f21c", "regions": {"dielectric": {"count": 3643, "minSICN": {"finite_count": 3643, "nonpositive_count": 1, "quantiles": [-2.295723906874384e-16, 0.02475300781429712, 0.09887260006924195, 0.6124749981146033, 0.8851789305946369, 0.9470958974506207, 0.9929374807552891]}, "minDetJac": {"finite_count": 3643, "nonpositive_count": 0, "quantiles": [1.0842021724855044e-18, 4.969536336498441e-05, 0.0008630261748108239, 0.006342555336998121, 1.23835897538313, 1.8709805503384944, 3.0497078731119927]}, "sicn_below_threshold": {"0.01": 31, "0.05": 50, "0.1": 190}}, "primary": {"count": 1396, "minSICN": {"finite_count": 1396, "nonpositive_count": 0, "quantiles": [2.7760338185554328e-15, 0.00019596909991041094, 0.5876953811744565, 0.7576288222659733, 0.8557276639708572, 0.9347470956220317, 0.9898670764747433]}, "minDetJac": {"finite_count": 1396, "nonpositive_count": 0, "quantiles": [6.505213034913027e-19, 1.1166691644408095e-07, 0.00026958267839185385, 0.0006391845608050425, 0.0009462679895507935, 0.0011292433373310195, 0.0014700960548885544]}, "sicn_below_threshold": {"0.01": 20, "0.05": 27, "0.1": 33}}, "secondary": {"count": 1418, "minSICN": {"finite_count": 1418, "nonpositive_count": 0, "quantiles": [5.5824246747249775e-15, 0.010728166945014318, 0.38273315393590157, 0.7635310805814111, 0.8550437888044995, 0.9277818657921256, 0.9791780089318722]}, "minDetJac": {"finite_count": 1418, "nonpositive_count": 0, "quantiles": [2.9680034471790684e-18, 7.357176735145197e-06, 0.00023425994764982863, 0.0006351164940085008, 0.0009369512952635713, 0.0011015540039805115, 0.0014341240775521146]}, "sicn_below_threshold": {"0.01": 14, "0.05": 39, "0.1": 45}}}}, "strict_quality_passed": false}
STAGE={"stage": "mesh_optimize_started", "elapsed_s": 4.222254106076434, "peak_rss_gib": 0.08782958984375, "optimizer": {"method": "", "force": false, "niter": 1, "dimTags": []}}
Info    : Optimizing mesh...
Info    : Optimizing volume 2
Info    : Optimization starts (volume = 0.14) with worst = 0 / average = 0.696074:
Info    : 0.00 < quality < 0.10 :        33 elements
Info    : 0.10 < quality < 0.20 :        11 elements
Info    : 0.20 < quality < 0.30 :         7 elements
Info    : 0.30 < quality < 0.40 :         3 elements
Info    : 0.40 < quality < 0.50 :         6 elements
Info    : 0.50 < quality < 0.60 :       134 elements
Info    : 0.60 < quality < 0.70 :       335 elements
Info    : 0.70 < quality < 0.80 :       730 elements
Info    : 0.80 < quality < 0.90 :       112 elements
Info    : 0.90 < quality < 1.00 :        25 elements
Info    : 44 edge swaps, 0 node relocations (volume = 0.14): worst = 0 / average = 0.715469 (Wall 0.000712708s, CPU 0.000709s)
Info    : 46 edge swaps, 0 node relocations (volume = 0.14): worst = 0 / average = 0.716338 (Wall 0.000877919s, CPU 0.000874s)
Info    : 0.00 < quality < 0.10 :         5 elements
Info    : 0.10 < quality < 0.20 :         0 elements
Info    : 0.20 < quality < 0.30 :         1 elements
Info    : 0.30 < quality < 0.40 :         3 elements
Info    : 0.40 < quality < 0.50 :         6 elements
Info    : 0.50 < quality < 0.60 :       133 elements
Info    : 0.60 < quality < 0.70 :       331 elements
Info    : 0.70 < quality < 0.80 :       739 elements
Info    : 0.80 < quality < 0.90 :       111 elements
Info    : 0.90 < quality < 1.00 :        24 elements
Info    : Optimizing volume 3
Info    : Optimization starts (volume = 0.14) with worst = 1.33445e-21 / average = 0.691609:
Info    : 0.00 < quality < 0.10 :        46 elements
Info    : 0.10 < quality < 0.20 :        12 elements
Info    : 0.20 < quality < 0.30 :         7 elements
Info    : 0.30 < quality < 0.40 :         9 elements
Info    : 0.40 < quality < 0.50 :         2 elements
Info    : 0.50 < quality < 0.60 :       135 elements
Info    : 0.60 < quality < 0.70 :       310 elements
Info    : 0.70 < quality < 0.80 :       745 elements
Info    : 0.80 < quality < 0.90 :       131 elements
Info    : 0.90 < quality < 1.00 :        21 elements
Info    : 64 edge swaps, 0 node relocations (volume = 0.14): worst = 0.0957393 / average = 0.721342 (Wall 0.000816263s, CPU 0.000812s)
Info    : 65 edge swaps, 0 node relocations (volume = 0.14): worst = 0.102022 / average = 0.721816 (Wall 0.000945947s, CPU 0.000942s)
Info    : No ill-shaped tets in the mesh :-)
Info    : 0.00 < quality < 0.10 :         0 elements
Info    : 0.10 < quality < 0.20 :         1 elements
Info    : 0.20 < quality < 0.30 :         1 elements
Info    : 0.30 < quality < 0.40 :         9 elements
Info    : 0.40 < quality < 0.50 :         2 elements
Info    : 0.50 < quality < 0.60 :       135 elements
Info    : 0.60 < quality < 0.70 :       297 elements
Info    : 0.70 < quality < 0.80 :       758 elements
Info    : 0.80 < quality < 0.90 :       131 elements
Info    : 0.90 < quality < 1.00 :        21 elements
Info    : Optimizing volume 4
Info    : Optimization starts (volume = 127.22) with worst = 0 / average = 0.466949:
Info    : 0.00 < quality < 0.10 :       308 elements
Info    : 0.10 < quality < 0.20 :      1136 elements
Info    : 0.20 < quality < 0.30 :       209 elements
Info    : 0.30 < quality < 0.40 :        49 elements
Info    : 0.40 < quality < 0.50 :        45 elements
Info    : 0.50 < quality < 0.60 :       115 elements
Info    : 0.60 < quality < 0.70 :       373 elements
Info    : 0.70 < quality < 0.80 :       918 elements
Info    : 0.80 < quality < 0.90 :       405 elements
Info    : 0.90 < quality < 1.00 :        85 elements
Info    : 158 edge swaps, 21 node relocations (volume = 127.22): worst = 0 / average = 0.478055 (Wall 0.100292s, CPU 0.099734s)
Info    : 186 edge swaps, 25 node relocations (volume = 127.22): worst = 0 / average = 0.479008 (Wall 0.198977s, CPU 0.197667s)
Info    : 191 edge swaps, 25 node relocations (volume = 127.22): worst = 0 / average = 0.479151 (Wall 0.298739s, CPU 0.296889s)
Info    : 192 edge swaps, 25 node relocations (volume = 127.22): worst = 0 / average = 0.479158 (Wall 0.398695s, CPU 0.396325s)
Info    : 0.00 < quality < 0.10 :       243 elements
Info    : 0.10 < quality < 0.20 :      1121 elements
Info    : 0.20 < quality < 0.30 :       183 elements
Info    : 0.30 < quality < 0.40 :        47 elements
Info    : 0.40 < quality < 0.50 :        41 elements
Info    : 0.50 < quality < 0.60 :       112 elements
Info    : 0.60 < quality < 0.70 :       368 elements
Info    : 0.70 < quality < 0.80 :       937 elements
Info    : 0.80 < quality < 0.90 :       402 elements
Info    : 0.90 < quality < 1.00 :        87 elements
Info    : Done optimizing mesh (Wall 0.431789s, CPU 0.428746s)
STAGE={"stage": "mesh_optimize_finished", "elapsed_s": 4.65434906212613, "peak_rss_gib": 0.08782958984375, "optimizer": {"method": "", "force": false, "niter": 1, "dimTags": []}}
STAGE={"stage": "mesh_generated", "elapsed_s": 4.66199292615056, "peak_rss_gib": 0.08782958984375, "n_nodes": 1253, "mesh_quality": {"schema": "pcb-gnn.tet-quality-diagnostic.v1", "metrics": ["minSICN", "minDetJac"], "metric_units": {"minSICN": "dimensionless", "minDetJac": "mm^3 in the native Gmsh coordinate system"}, "quantile_probabilities": [0.0, 0.01, 0.05, 0.5, 0.95, 0.99, 1.0], "quantile_method": "linear", "element_count": 6249, "arrays_sha256": "227d8ad1fd344e9b78e3ed0eb88fc1d8b56afde9c14c85a86bd8ef15104c4e8c", "regions": {"dielectric": {"count": 3541, "minSICN": {"finite_count": 3541, "nonpositive_count": 0, "quantiles": [6.398856084358075e-15, 0.08403432146846922, 0.10412006846166397, 0.6490482866621848, 0.8864372156895444, 0.9437785791000479, 0.9903452929365898]}, "minDetJac": {"finite_count": 3541, "nonpositive_count": 0, "quantiles": [4.445228907190568e-18, 0.0007436812556055723, 0.0009000955828735685, 0.0067525632978896796, 1.2455508842854885, 1.8692209306721133, 3.0497078731119927]}, "sicn_below_threshold": {"0.01": 4, "0.05": 6, "0.1": 153}}, "primary": {"count": 1353, "minSICN": {"finite_count": 1353, "nonpositive_count": 0, "quantiles": [4.558342568424305e-15, 0.4803401331846283, 0.6205178702696518, 0.7637710588658172, 0.8554988583486246, 0.9383647068949083, 0.9898670764747433]}, "minDetJac": {"finite_count": 1353, "nonpositive_count": 0, "quantiles": [3.63207727782644e-18, 0.00026958267839184995, 0.0003005066454696948, 0.000649213328304119, 0.0009493568526065189, 0.0011292433373310193, 0.0012840175845460914]}, "sicn_below_threshold": {"0.01": 3, "0.05": 3, "0.1": 5}}, "secondary": {"count": 1355, "minSICN": {"finite_count": 1355, "nonpositive_count": 0, "quantiles": [0.10592568320677821, 0.5264252204210421, 0.6247743041501798, 0.7679215052563518, 0.8559113294164666, 0.9299045732680807, 0.9791780089318722]}, "minDetJac": {"finite_count": 1355, "nonpositive_count": 0, "quantiles": [5.623425342384559e-05, 0.0002695826783918501, 0.0003005066454696949, 0.0006441281381540472, 0.0009514188671061, 0.0011028263683951136, 0.0014341240775521146]}, "sicn_below_threshold": {"0.01": 0, "0.05": 0, "0.1": 0}}}}, "strict_quality_passed": true}
STAGE={"stage": "mesh_extracted", "elapsed_s": 4.662712678080425, "peak_rss_gib": 0.08782958984375, "n_tetrahedra": 6249}
STAGE={"stage": "gmsh_finalized", "elapsed_s": 4.666084479074925, "peak_rss_gib": 0.08782958984375}
STAGE={"stage": "skfem_mesh_created", "elapsed_s": 4.666479912120849, "peak_rss_gib": 0.08782958984375}
STAGE={"stage": "mesh_fingerprinted", "elapsed_s": 4.666921531083062, "peak_rss_gib": 0.08782958984375, "mesh_fingerprint_schema": "pcb-gnn.ordered-tet-mesh.v1", "mesh_sha256": "7b42ddc71d75b3db9c329e00bd050739955970ccd411f7b0f029631e2ba2a3ee", "mesh_nodes": 1253, "mesh_tetrahedra": 6249, "region_tetrahedra": {"dielectric": 3541, "primary": 1353, "secondary": 1355}}
RESULT={"source_commit": "9e6bdf817004436a938fe8bdb99c34b7ccef5d75", "lock_sha256": "e83ca24c6adb98e20657ef5ae24d7b1d64078282b596eaa9f248f3ee33869c14", "protocol_sha256": "723bb110b8d7c67d0274883583c527827a3326aab88b300d34bf555fa006ecae", "panel_sha256": "260127de27e670f4104e4a60e3d90444fefe0c6a435189c0d037fb1e0fc0d9dd", "mesh_fingerprint_schema": "pcb-gnn.ordered-tet-mesh.v1", "mesh_sha256": "7b42ddc71d75b3db9c329e00bd050739955970ccd411f7b0f029631e2ba2a3ee", "mesh_nodes": 1253, "mesh_tetrahedra": 6249, "region_tetrahedra": {"dielectric": 3541, "primary": 1353, "secondary": 1355}, "mode": "toy", "layout_id": "smoke", "geometry_sha256": "26130e1fc8563dcae261f56a43a36459ffefcdd06c7c4145fb3ad0a6bb6fb452", "arm": {"name": "smoke", "level": 0, "pad_mm": 2.0, "far_size_mm": 1.0, "support": "compact"}, "mesh_quality": {"schema": "pcb-gnn.tet-quality-diagnostic.v1", "metrics": ["minSICN", "minDetJac"], "metric_units": {"minSICN": "dimensionless", "minDetJac": "mm^3 in the native Gmsh coordinate system"}, "quantile_probabilities": [0.0, 0.01, 0.05, 0.5, 0.95, 0.99, 1.0], "quantile_method": "linear", "element_count": 6249, "arrays_sha256": "227d8ad1fd344e9b78e3ed0eb88fc1d8b56afde9c14c85a86bd8ef15104c4e8c", "regions": {"dielectric": {"count": 3541, "minSICN": {"finite_count": 3541, "nonpositive_count": 0, "quantiles": [6.398856084358075e-15, 0.08403432146846922, 0.10412006846166397, 0.6490482866621848, 0.8864372156895444, 0.9437785791000479, 0.9903452929365898]}, "minDetJac": {"finite_count": 3541, "nonpositive_count": 0, "quantiles": [4.445228907190568e-18, 0.0007436812556055723, 0.0009000955828735685, 0.0067525632978896796, 1.2455508842854885, 1.8692209306721133, 3.0497078731119927]}, "sicn_below_threshold": {"0.01": 4, "0.05": 6, "0.1": 153}}, "primary": {"count": 1353, "minSICN": {"finite_count": 1353, "nonpositive_count": 0, "quantiles": [4.558342568424305e-15, 0.4803401331846283, 0.6205178702696518, 0.7637710588658172, 0.8554988583486246, 0.9383647068949083, 0.9898670764747433]}, "minDetJac": {"finite_count": 1353, "nonpositive_count": 0, "quantiles": [3.63207727782644e-18, 0.00026958267839184995, 0.0003005066454696948, 0.000649213328304119, 0.0009493568526065189, 0.0011292433373310193, 0.0012840175845460914]}, "sicn_below_threshold": {"0.01": 3, "0.05": 3, "0.1": 5}}, "secondary": {"count": 1355, "minSICN": {"finite_count": 1355, "nonpositive_count": 0, "quantiles": [0.10592568320677821, 0.5264252204210421, 0.6247743041501798, 0.7679215052563518, 0.8559113294164666, 0.9299045732680807, 0.9791780089318722]}, "minDetJac": {"finite_count": 1355, "nonpositive_count": 0, "quantiles": [5.623425342384559e-05, 0.0002695826783918501, 0.0003005066454696949, 0.0006441281381540472, 0.0009514188671061, 0.0011028263683951136, 0.0014341240775521146]}, "sicn_below_threshold": {"0.01": 0, "0.05": 0, "0.1": 0}}}}, "quality_before": {"schema": "pcb-gnn.tet-quality-diagnostic.v1", "metrics": ["minSICN", "minDetJac"], "metric_units": {"minSICN": "dimensionless", "minDetJac": "mm^3 in the native Gmsh coordinate system"}, "quantile_probabilities": [0.0, 0.01, 0.05, 0.5, 0.95, 0.99, 1.0], "quantile_method": "linear", "element_count": 6457, "arrays_sha256": "65cdd3392570b76513d994cf86a1ffe3924894155b7cc30c13347ed2c031f21c", "regions": {"dielectric": {"count": 3643, "minSICN": {"finite_count": 3643, "nonpositive_count": 1, "quantiles": [-2.295723906874384e-16, 0.02475300781429712, 0.09887260006924195, 0.6124749981146033, 0.8851789305946369, 0.9470958974506207, 0.9929374807552891]}, "minDetJac": {"finite_count": 3643, "nonpositive_count": 0, "quantiles": [1.0842021724855044e-18, 4.969536336498441e-05, 0.0008630261748108239, 0.006342555336998121, 1.23835897538313, 1.8709805503384944, 3.0497078731119927]}, "sicn_below_threshold": {"0.01": 31, "0.05": 50, "0.1": 190}}, "primary": {"count": 1396, "minSICN": {"finite_count": 1396, "nonpositive_count": 0, "quantiles": [2.7760338185554328e-15, 0.00019596909991041094, 0.5876953811744565, 0.7576288222659733, 0.8557276639708572, 0.9347470956220317, 0.9898670764747433]}, "minDetJac": {"finite_count": 1396, "nonpositive_count": 0, "quantiles": [6.505213034913027e-19, 1.1166691644408095e-07, 0.00026958267839185385, 0.0006391845608050425, 0.0009462679895507935, 0.0011292433373310195, 0.0014700960548885544]}, "sicn_below_threshold": {"0.01": 20, "0.05": 27, "0.1": 33}}, "secondary": {"count": 1418, "minSICN": {"finite_count": 1418, "nonpositive_count": 0, "quantiles": [5.5824246747249775e-15, 0.010728166945014318, 0.38273315393590157, 0.7635310805814111, 0.8550437888044995, 0.9277818657921256, 0.9791780089318722]}, "minDetJac": {"finite_count": 1418, "nonpositive_count": 0, "quantiles": [2.9680034471790684e-18, 7.357176735145197e-06, 0.00023425994764982863, 0.0006351164940085008, 0.0009369512952635713, 0.0011015540039805115, 0.0014341240775521146]}, "sicn_below_threshold": {"0.01": 14, "0.05": 39, "0.1": 45}}}}, "nodes_before": 1253, "quality_before_passed": false, "optimizer": {"method": "", "force": false, "niter": 1, "dimTags": []}, "optimizer_calls": 1, "numerical_quality_qualified": false, "mesh_policy": {"options": {"Mesh.Algorithm": 5.0, "Mesh.Algorithm3D": 10.0, "Mesh.MeshSizeFromPoints": 0.0, "Mesh.MeshSizeFromCurvature": 0.0, "Mesh.MeshSizeExtendFromBoundary": 0.0, "Mesh.RandomSeed": 1.0, "Mesh.Optimize": 0.0, "Mesh.OptimizeNetgen": 0.0, "Mesh.OptimizeThreshold": 0.3, "Mesh.MeshSizeMin": 0.12, "Mesh.MeshSizeMax": 1.0, "General.NumThreads": 1.0, "Mesh.MaxNumThreads1D": 1.0, "Mesh.MaxNumThreads2D": 1.0, "Mesh.MaxNumThreads3D": 1.0}, "boxes": [{"XMin": 1.945, "XMax": 4.055, "YMin": 1.945, "YMax": 3.055, "ZMin": 0.010000000000000002, "ZMax": 0.19, "VIn": 0.12, "VOut": 1.0, "Thickness": 0.5}, {"XMin": 1.945, "XMax": 4.055, "YMin": 1.945, "YMax": 3.055, "ZMin": 0.19000000000000003, "ZMax": 0.37000000000000005, "VIn": 0.12, "VOut": 1.0, "Thickness": 0.5}], "near_size_mm": 0.12, "far_size_mm": 1.0, "pad_mm": 2.0}, "mesh_policy_sha256": "0a0121b4f189fce4e17320c4421f3deddc7d9a2f6ddfe69717f1f8a259bc4600", "native_log_options": {"General.Terminal": 1.0, "General.Verbosity": 5.0}, "gmsh_build_options": "64Bit ALGLIB[contrib] ANN[contrib] Bamg Blas[petsc] Blossom Cgns DIntegration Dlopen DomHex Eigen[contrib] Fltk Gmm[contrib] Hxt Jpeg Kbipack Lapack[petsc] LinuxJoystick MathEx[contrib] Med Mesh Metis[contrib] Mmg Mpeg Netgen Nii2mesh ONELAB ONELABMetamodel OpenCASCADE OpenCASCADE-CAF OpenGL OpenMP OptHom PETSc Parser Plugins Png Post QuadMeshingTools QuadTri Solver TetGen/BR TinyXML2[contrib] Untangle Voro++[contrib] WinslowUntangler Zlib tinyobjloader", "stages": ["geometry_validated", "occ_fragmented", "mesh_generate_started", "raw_mesh_generated", "mesh_optimize_started", "mesh_optimize_finished", "mesh_generated", "mesh_extracted", "gmsh_finalized", "skfem_mesh_created", "mesh_fingerprinted"], "field_solver_executed": false, "elapsed_s": 7.668135181069374, "peak_rss_gib": 0.08782958984375, "scheduler": {"JobId": "7651765", "JobName": "tcad-hxt-postopt", "UserId": "binben14(51204)", "GroupId": "PGS0407(9475)", "MCS_label": "N/A", "Priority": "300000534", "Nice": "0", "Account": "pgs0407", "QOS": "ascend-default", "JobState": "RUNNING", "Reason": "None", "Dependency": "(null)", "Requeue": "0", "Restarts": "0", "BatchFlag": "1", "Reboot": "0", "ExitCode": "0:0", "RunTime": "00:00:07", "TimeLimit": "00:55:00", "TimeMin": "N/A", "SubmitTime": "2026-10-03T07:09:00", "EligibleTime": "2026-10-03T07:09:00", "AccrueTime": "2026-10-03T07:09:00", "StartTime": "2026-10-03T07:09:31", "EndTime": "2026-10-03T08:04:31", "Deadline": "N/A", "PreemptEligibleTime": "2026-10-03T07:09:31", "PreemptTime": "None", "SuspendTime": "None", "SecsPreSuspend": "0", "LastSchedEval": "2026-10-03T07:09:31", "Scheduler": "Backfill", "Partition": "nextgen", "AllocNode:Sid": "ascend-login02:1563419", "ReqNodeList": "(null)", "ExcNodeList": "(null)", "NodeList": "a0157", "BatchHost": "a0157", "NumNodes": "1", "NumCPUs": "41", "NumTasks": "1", "CPUs/Task": "41", "ReqB:S:C:T": "0:0:*:*", "ReqTRES": "cpu=1,mem=160G,node=1,billing=1", "AllocTRES": "cpu=41,mem=160G,node=1,billing=41", "Socks/Node": "*", "NtasksPerN:B:S:C": "0:0:*:1", "CoreSpec": "*", "MinCPUsNode": "41", "MinMemoryNode": "160G", "MinTmpDiskNode": "0", "Features": "(null)", "DelayBoot": "00:00:00", "OverSubscribe": "OK", "Contiguous": "0", "Licenses": "(null)", "LicensesAlloc": "(null)", "Network": "(null)", "Command": "/users/PGS0407/binben14/VietHuy/Hoang/GNN", "WorkDir": "/users/PGS0407/binben14/VietHuy/Hoang/GNN", "StdErr": "/users/PGS0407/binben14/VietHuy/Hoang/GNN", "StdIn": "/dev/null", "StdOut": "/users/PGS0407/binben14/VietHuy/Hoang/GNN", "TresPerTask": "cpu=1"}, "runtime": {"python": "3.9.21", "packages": {"gmsh": "4.15.2", "numpy": "2.0.2", "pyamg": "5.3.0", "scikit-fem": "11.0.0", "scipy": "1.13.1"}, "threads": {"BLIS_NUM_THREADS": "1", "MKL_NUM_THREADS": "1", "NUMEXPR_NUM_THREADS": "1", "OMP_NUM_THREADS": "1", "OPENBLAS_NUM_THREADS": "1", "PCB_GNN_GMSH_THREADS": "1", "OMP_DYNAMIC": "FALSE"}}}
