Transforming over 1000 vertices to C_CONTIGUOUS.
Transforming over 1000 elements to C_CONTIGUOUS.
Traceback (most recent call last):
  File "/users/PGS0407/binben14/VietHuy/Hoang/GNN parasitic/.internal/tcad-cps-reference-v1/code/solvers/tcad_cps_reference_worker.py", line 117, in <module>
    main()
  File "/users/PGS0407/binben14/VietHuy/Hoang/GNN parasitic/.internal/tcad-cps-reference-v1/code/solvers/tcad_cps_reference_worker.py", line 99, in main
    result = fem_cps_3d_diagnostics(
  File "/users/PGS0407/binben14/VietHuy/Hoang/GNN parasitic/.internal/tcad-cps-reference-v1/code/solvers/fem_capacitance_3d.py", line 351, in fem_cps_3d_diagnostics
    _progress(progress, "basis_created", n_dofs=basis.N)
  File "/users/PGS0407/binben14/VietHuy/Hoang/GNN parasitic/.internal/tcad-cps-reference-v1/code/solvers/fem_capacitance_3d.py", line 30, in _progress
    callback(stage, payload)
  File "/users/PGS0407/binben14/VietHuy/Hoang/GNN parasitic/.internal/tcad-cps-reference-v1/code/solvers/tcad_cps_reference_worker.py", line 90, in progress
    print("STAGE=" + json.dumps(record, allow_nan=False), flush=True)
  File "/usr/lib64/python3.9/json/__init__.py", line 234, in dumps
    return cls(
  File "/usr/lib64/python3.9/json/encoder.py", line 199, in encode
    chunks = self.iterencode(o, _one_shot=True)
  File "/usr/lib64/python3.9/json/encoder.py", line 257, in iterencode
    return _iterencode(o, 0)
  File "/usr/lib64/python3.9/json/encoder.py", line 179, in default
    raise TypeError(f'Object of type {o.__class__.__name__} '
TypeError: Object of type int32 is not JSON serializable
