STAGE={"stage": "geometry_validated", "elapsed_s": 0.27705436712130904, "peak_rss_gib": 0.06976318359375, "n_traces": 26}
STAGE={"stage": "occ_fragmented", "elapsed_s": 0.33956907712854445, "peak_rss_gib": 0.08636474609375, "n_volumes": 27}
STAGE={"stage": "mesh_generate_started", "elapsed_s": 0.34471666417084634, "peak_rss_gib": 0.08636474609375, "h_min": 0.055999999999999966, "h_max": 2.0, "mesh_policy": {"options": {"Mesh.Algorithm": 5.0, "Mesh.Algorithm3D": 10.0, "Mesh.MeshSizeFromPoints": 0.0, "Mesh.MeshSizeFromCurvature": 0.0, "Mesh.MeshSizeExtendFromBoundary": 0.0, "Mesh.RandomSeed": 1.0, "Mesh.MeshSizeMin": 0.08, "Mesh.MeshSizeMax": 4.0, "General.NumThreads": 1.0, "Mesh.MaxNumThreads1D": 1.0, "Mesh.MaxNumThreads2D": 1.0, "Mesh.MaxNumThreads3D": 1.0}, "boxes": [{"XMin": 1.9708464049999999, "XMax": 42.209761774, "YMin": 15.266105677, "YMax": 16.999401585, "ZMin": -0.04, "ZMax": 0.14, "VIn": 0.08, "VOut": 4.0, "Thickness": 0.5}, {"XMin": 2.895792491, "XMax": 41.840113088, "YMin": 27.594992562, "YMax": 28.930610898, "ZMin": -0.04, "ZMax": 0.14, "VIn": 0.08, "VOut": 4.0, "Thickness": 0.5}, {"XMin": 3.769390734, "XMax": 47.812553052999995, "YMin": 47.747600025, "YMax": 49.972068865999994, "ZMin": -0.04, "ZMax": 0.14, "VIn": 0.08, "VOut": 4.0, "Thickness": 0.5}, {"XMin": 12.900455829, "XMax": 52.039852395000004, "YMin": 6.136613285, "YMax": 8.024990376, "ZMin": 0.13999999999999999, "ZMax": 0.32, "VIn": 0.08, "VOut": 4.0, "Thickness": 0.5}, {"XMin": 19.404115002, "XMax": 51.723349874, "YMin": 22.448478007, "YMax": 23.399119136, "ZMin": 0.13999999999999999, "ZMax": 0.32, "VIn": 0.08, "VOut": 4.0, "Thickness": 0.5}, {"XMin": 16.034274066000002, "XMax": 48.368123428000004, "YMin": 27.717800267, "YMax": 29.981126422, "ZMin": 0.13999999999999999, "ZMax": 0.32, "VIn": 0.08, "VOut": 4.0, "Thickness": 0.5}, {"XMin": 16.411064517, "XMax": 48.936811778, "YMin": 42.450340746, "YMax": 44.528808112, "ZMin": 0.13999999999999999, "ZMax": 0.32, "VIn": 0.08, "VOut": 4.0, "Thickness": 0.5}, {"XMin": 7.818230677, "XMax": 51.487981526, "YMin": 7.153005781, "YMax": 8.388038775, "ZMin": 0.32, "ZMax": 0.49999999999999994, "VIn": 0.08, "VOut": 4.0, "Thickness": 0.5}, {"XMin": 5.122078582, "XMax": 49.878888663, "YMin": 27.592657287, "YMax": 29.667592692, "ZMin": 0.32, "ZMax": 0.49999999999999994, "VIn": 0.08, "VOut": 4.0, "Thickness": 0.5}, {"XMin": 8.024034269, "XMax": 45.430379179, "YMin": 49.74471377, "YMax": 50.611650411999996, "ZMin": 0.32, "ZMax": 0.49999999999999994, "VIn": 0.08, "VOut": 4.0, "Thickness": 0.5}, {"XMin": 11.238136136, "XMax": 52.235981925000004, "YMin": 7.366561283, "YMax": 9.493318797, "ZMin": 0.5, "ZMax": 0.6800000000000002, "VIn": 0.08, "VOut": 4.0, "Thickness": 0.5}, {"XMin": 3.088550443, "XMax": 36.709178149, "YMin": 18.957469056, "YMax": 20.037124831, "ZMin": 0.5, "ZMax": 0.6800000000000002, "VIn": 0.08, "VOut": 4.0, "Thickness": 0.5}, {"XMin": 2.3286106109999998, "XMax": 48.714269318, "YMin": 34.44919918, "YMax": 35.786786807, "ZMin": 0.5, "ZMax": 0.6800000000000002, "VIn": 0.08, "VOut": 4.0, "Thickness": 0.5}, {"XMin": 2.728049457, "XMax": 48.549394385, "YMin": 44.077803895, "YMax": 46.256887218, "ZMin": 0.5, "ZMax": 0.6800000000000002, "VIn": 0.08, "VOut": 4.0, "Thickness": 0.5}, {"XMin": 2.708792891, "XMax": 49.445637448, "YMin": 12.875308157000001, "YMax": 15.379371334, "ZMin": 0.6799999999999999, "ZMax": 0.8600000000000001, "VIn": 0.08, "VOut": 4.0, "Thickness": 0.5}, {"XMin": 2.725712696, "XMax": 45.600627530000004, "YMin": 23.853142344000002, "YMax": 25.881205236, "ZMin": 0.6799999999999999, "ZMax": 0.8600000000000001, "VIn": 0.08, "VOut": 4.0, "Thickness": 0.5}, {"XMin": 7.995484981000001, "XMax": 52.555949055000006, "YMin": 50.282764562, "YMax": 51.817060252999994, "ZMin": 0.6799999999999999, "ZMax": 0.8600000000000001, "VIn": 0.08, "VOut": 4.0, "Thickness": 0.5}, {"XMin": 2.819231172, "XMax": 41.129671519, "YMin": 10.178606971, "YMax": 12.421158961, "ZMin": 0.8599999999999999, "ZMax": 1.04, "VIn": 0.08, "VOut": 4.0, "Thickness": 0.5}, {"XMin": 4.697418861, "XMax": 49.255198256, "YMin": 27.82437839, "YMax": 28.772098615999997, "ZMin": 0.8599999999999999, "ZMax": 1.04, "VIn": 0.08, "VOut": 4.0, "Thickness": 0.5}, {"XMin": 4.700622881, "XMax": 51.113605667, "YMin": 39.012564476, "YMax": 40.36489581, "ZMin": 0.8599999999999999, "ZMax": 1.04, "VIn": 0.08, "VOut": 4.0, "Thickness": 0.5}, {"XMin": 15.046054272000001, "XMax": 49.432300389, "YMin": 14.742513704, "YMax": 17.016853319, "ZMin": 1.0400000000000003, "ZMax": 1.22, "VIn": 0.08, "VOut": 4.0, "Thickness": 0.5}, {"XMin": 2.373970891, "XMax": 34.166744113, "YMin": 29.084006659, "YMax": 30.385339679999998, "ZMin": 1.0400000000000003, "ZMax": 1.22, "VIn": 0.08, "VOut": 4.0, "Thickness": 0.5}, {"XMin": 17.754600746, "XMax": 49.167888021, "YMin": 46.428048092, "YMax": 48.31129945599999, "ZMin": 1.0400000000000003, "ZMax": 1.22, "VIn": 0.08, "VOut": 4.0, "Thickness": 0.5}, {"XMin": 11.269580304, "XMax": 52.241527033000004, "YMin": 13.544244335, "YMax": 14.857081516, "ZMin": 1.2200000000000002, "ZMax": 1.4, "VIn": 0.08, "VOut": 4.0, "Thickness": 0.5}, {"XMin": 3.710343514, "XMax": 48.526206436, "YMin": 19.890098336, "YMax": 21.319798978, "ZMin": 1.2200000000000002, "ZMax": 1.4, "VIn": 0.08, "VOut": 4.0, "Thickness": 0.5}, {"XMin": 12.901170468, "XMax": 48.382910508, "YMin": 38.329552148, "YMax": 39.679651093, "ZMin": 1.2200000000000002, "ZMax": 1.4, "VIn": 0.08, "VOut": 4.0, "Thickness": 0.5}], "near_size_mm": 0.08, "far_size_mm": 4.0, "pad_mm": 16.0}, "native_log_options": {"General.Terminal": 1.0, "General.Verbosity": 5.0}, "gmsh_build_options": "64Bit ALGLIB[contrib] ANN[contrib] Bamg Blas[petsc] Blossom Cgns DIntegration Dlopen DomHex Eigen[contrib] Fltk Gmm[contrib] Hxt Jpeg Kbipack Lapack[petsc] LinuxJoystick MathEx[contrib] Med Mesh Metis[contrib] Mmg Mpeg Netgen Nii2mesh ONELAB ONELABMetamodel OpenCASCADE OpenCASCADE-CAF OpenGL OpenMP OptHom PETSc Parser Plugins Png Post QuadMeshingTools QuadTri Solver TetGen/BR TinyXML2[contrib] Untangle Voro++[contrib] WinslowUntangler Zlib tinyobjloader", "inherited_h_min_h_max_overridden": true}
Info    : Meshing 1D...
Info    : [  0%] Meshing curve 13 (Line)
Info    : [ 10%] Meshing curve 14 (Line)
Info    : [ 10%] Meshing curve 15 (Line)
Info    : [ 10%] Meshing curve 16 (Line)
Info    : [ 10%] Meshing curve 17 (Line)
Info    : [ 10%] Meshing curve 18 (Line)
Info    : [ 10%] Meshing curve 19 (Line)
Info    : [ 10%] Meshing curve 20 (Line)
Info    : [ 10%] Meshing curve 21 (Line)
Info    : [ 10%] Meshing curve 22 (Line)
Info    : [ 10%] Meshing curve 23 (Line)
Info    : [ 10%] Meshing curve 24 (Line)
Info    : [ 10%] Meshing curve 25 (Line)
Info    : [ 10%] Meshing curve 26 (Line)
Info    : [ 10%] Meshing curve 27 (Line)
Info    : [ 10%] Meshing curve 28 (Line)
Info    : [ 10%] Meshing curve 29 (Line)
Info    : [ 10%] Meshing curve 30 (Line)
Info    : [ 10%] Meshing curve 31 (Line)
Info    : [ 10%] Meshing curve 32 (Line)
Info    : [ 10%] Meshing curve 33 (Line)
Info    : [ 10%] Meshing curve 34 (Line)
Info    : [ 10%] Meshing curve 35 (Line)
Info    : [ 10%] Meshing curve 36 (Line)
Info    : [ 10%] Meshing curve 37 (Line)
Info    : [ 10%] Meshing curve 38 (Line)
Info    : [ 10%] Meshing curve 39 (Line)
Info    : [ 10%] Meshing curve 40 (Line)
Info    : [ 10%] Meshing curve 41 (Line)
Info    : [ 10%] Meshing curve 42 (Line)
Info    : [ 10%] Meshing curve 43 (Line)
Info    : [ 10%] Meshing curve 44 (Line)
Info    : [ 10%] Meshing curve 45 (Line)
Info    : [ 20%] Meshing curve 46 (Line)
Info    : [ 20%] Meshing curve 47 (Line)
Info    : [ 20%] Meshing curve 48 (Line)
Info    : [ 20%] Meshing curve 49 (Line)
Info    : [ 20%] Meshing curve 50 (Line)
Info    : [ 20%] Meshing curve 51 (Line)
Info    : [ 20%] Meshing curve 52 (Line)
Info    : [ 20%] Meshing curve 53 (Line)
Info    : [ 20%] Meshing curve 54 (Line)
Info    : [ 20%] Meshing curve 55 (Line)
Info    : [ 20%] Meshing curve 56 (Line)
Info    : [ 20%] Meshing curve 57 (Line)
Info    : [ 20%] Meshing curve 58 (Line)
Info    : [ 20%] Meshing curve 59 (Line)
Info    : [ 20%] Meshing curve 60 (Line)
Info    : [ 20%] Meshing curve 61 (Line)
Info    : [ 20%] Meshing curve 62 (Line)
Info    : [ 20%] Meshing curve 63 (Line)
Info    : [ 20%] Meshing curve 64 (Line)
Info    : [ 20%] Meshing curve 65 (Line)
Info    : [ 20%] Meshing curve 66 (Line)
Info    : [ 20%] Meshing curve 67 (Line)
Info    : [ 20%] Meshing curve 68 (Line)
Info    : [ 20%] Meshing curve 69 (Line)
Info    : [ 20%] Meshing curve 70 (Line)
Info    : [ 20%] Meshing curve 71 (Line)
Info    : [ 20%] Meshing curve 72 (Line)
Info    : [ 20%] Meshing curve 73 (Line)
Info    : [ 20%] Meshing curve 74 (Line)
Info    : [ 20%] Meshing curve 75 (Line)
Info    : [ 20%] Meshing curve 76 (Line)
Info    : [ 20%] Meshing curve 77 (Line)
Info    : [ 30%] Meshing curve 78 (Line)
Info    : [ 30%] Meshing curve 79 (Line)
Info    : [ 30%] Meshing curve 80 (Line)
Info    : [ 30%] Meshing curve 81 (Line)
Info    : [ 30%] Meshing curve 82 (Line)
Info    : [ 30%] Meshing curve 83 (Line)
Info    : [ 30%] Meshing curve 84 (Line)
Info    : [ 30%] Meshing curve 85 (Line)
Info    : [ 30%] Meshing curve 86 (Line)
Info    : [ 30%] Meshing curve 87 (Line)
Info    : [ 30%] Meshing curve 88 (Line)
Info    : [ 30%] Meshing curve 89 (Line)
Info    : [ 30%] Meshing curve 90 (Line)
Info    : [ 30%] Meshing curve 91 (Line)
Info    : [ 30%] Meshing curve 92 (Line)
Info    : [ 30%] Meshing curve 93 (Line)
Info    : [ 30%] Meshing curve 94 (Line)
Info    : [ 30%] Meshing curve 95 (Line)
Info    : [ 30%] Meshing curve 96 (Line)
Info    : [ 30%] Meshing curve 97 (Line)
Info    : [ 30%] Meshing curve 98 (Line)
Info    : [ 30%] Meshing curve 99 (Line)
Info    : [ 30%] Meshing curve 100 (Line)
Info    : [ 30%] Meshing curve 101 (Line)
Info    : [ 30%] Meshing curve 102 (Line)
Info    : [ 30%] Meshing curve 103 (Line)
Info    : [ 30%] Meshing curve 104 (Line)
Info    : [ 30%] Meshing curve 105 (Line)
Info    : [ 30%] Meshing curve 106 (Line)
Info    : [ 30%] Meshing curve 107 (Line)
Info    : [ 30%] Meshing curve 108 (Line)
Info    : [ 30%] Meshing curve 109 (Line)
Info    : [ 30%] Meshing curve 110 (Line)
Info    : [ 40%] Meshing curve 111 (Line)
Info    : [ 40%] Meshing curve 112 (Line)
Info    : [ 40%] Meshing curve 113 (Line)
Info    : [ 40%] Meshing curve 114 (Line)
Info    : [ 40%] Meshing curve 115 (Line)
Info    : [ 40%] Meshing curve 116 (Line)
Info    : [ 40%] Meshing curve 117 (Line)
Info    : [ 40%] Meshing curve 118 (Line)
Info    : [ 40%] Meshing curve 119 (Line)
Info    : [ 40%] Meshing curve 120 (Line)
Info    : [ 40%] Meshing curve 121 (Line)
Info    : [ 40%] Meshing curve 122 (Line)
Info    : [ 40%] Meshing curve 123 (Line)
Info    : [ 40%] Meshing curve 124 (Line)
Info    : [ 40%] Meshing curve 125 (Line)
Info    : [ 40%] Meshing curve 126 (Line)
Info    : [ 40%] Meshing curve 127 (Line)
Info    : [ 40%] Meshing curve 128 (Line)
Info    : [ 40%] Meshing curve 129 (Line)
Info    : [ 40%] Meshing curve 130 (Line)
Info    : [ 40%] Meshing curve 131 (Line)
Info    : [ 40%] Meshing curve 132 (Line)
Info    : [ 40%] Meshing curve 133 (Line)
Info    : [ 40%] Meshing curve 134 (Line)
Info    : [ 40%] Meshing curve 135 (Line)
Info    : [ 40%] Meshing curve 136 (Line)
Info    : [ 40%] Meshing curve 137 (Line)
Info    : [ 40%] Meshing curve 138 (Line)
Info    : [ 40%] Meshing curve 139 (Line)
Info    : [ 40%] Meshing curve 140 (Line)
Info    : [ 40%] Meshing curve 141 (Line)
Info    : [ 40%] Meshing curve 142 (Line)
Info    : [ 50%] Meshing curve 143 (Line)
Info    : [ 50%] Meshing curve 144 (Line)
Info    : [ 50%] Meshing curve 145 (Line)
Info    : [ 50%] Meshing curve 146 (Line)
Info    : [ 50%] Meshing curve 147 (Line)
Info    : [ 50%] Meshing curve 148 (Line)
Info    : [ 50%] Meshing curve 149 (Line)
Info    : [ 50%] Meshing curve 150 (Line)
Info    : [ 50%] Meshing curve 151 (Line)
Info    : [ 50%] Meshing curve 152 (Line)
Info    : [ 50%] Meshing curve 153 (Line)
Info    : [ 50%] Meshing curve 154 (Line)
Info    : [ 50%] Meshing curve 155 (Line)
Info    : [ 50%] Meshing curve 156 (Line)
Info    : [ 50%] Meshing curve 157 (Line)
Info    : [ 50%] Meshing curve 158 (Line)
Info    : [ 50%] Meshing curve 159 (Line)
Info    : [ 50%] Meshing curve 160 (Line)
Info    : [ 50%] Meshing curve 161 (Line)
Info    : [ 50%] Meshing curve 162 (Line)
Info    : [ 50%] Meshing curve 163 (Line)
Info    : [ 50%] Meshing curve 164 (Line)
Info    : [ 50%] Meshing curve 165 (Line)
Info    : [ 50%] Meshing curve 166 (Line)
Info    : [ 50%] Meshing curve 167 (Line)
Info    : [ 50%] Meshing curve 168 (Line)
Info    : [ 50%] Meshing curve 169 (Line)
Info    : [ 50%] Meshing curve 170 (Line)
Info    : [ 50%] Meshing curve 171 (Line)
Info    : [ 50%] Meshing curve 172 (Line)
Info    : [ 50%] Meshing curve 173 (Line)
Info    : [ 50%] Meshing curve 174 (Line)
Info    : [ 60%] Meshing curve 175 (Line)
Info    : [ 60%] Meshing curve 176 (Line)
Info    : [ 60%] Meshing curve 177 (Line)
Info    : [ 60%] Meshing curve 178 (Line)
Info    : [ 60%] Meshing curve 179 (Line)
Info    : [ 60%] Meshing curve 180 (Line)
Info    : [ 60%] Meshing curve 181 (Line)
Info    : [ 60%] Meshing curve 182 (Line)
Info    : [ 60%] Meshing curve 183 (Line)
Info    : [ 60%] Meshing curve 184 (Line)
Info    : [ 60%] Meshing curve 185 (Line)
Info    : [ 60%] Meshing curve 186 (Line)
Info    : [ 60%] Meshing curve 187 (Line)
Info    : [ 60%] Meshing curve 188 (Line)
Info    : [ 60%] Meshing curve 189 (Line)
Info    : [ 60%] Meshing curve 190 (Line)
Info    : [ 60%] Meshing curve 191 (Line)
Info    : [ 60%] Meshing curve 192 (Line)
Info    : [ 60%] Meshing curve 193 (Line)
Info    : [ 60%] Meshing curve 194 (Line)
Info    : [ 60%] Meshing curve 195 (Line)
Info    : [ 60%] Meshing curve 196 (Line)
Info    : [ 60%] Meshing curve 197 (Line)
Info    : [ 60%] Meshing curve 198 (Line)
Info    : [ 60%] Meshing curve 199 (Line)
Info    : [ 60%] Meshing curve 200 (Line)
Info    : [ 60%] Meshing curve 201 (Line)
Info    : [ 60%] Meshing curve 202 (Line)
Info    : [ 60%] Meshing curve 203 (Line)
Info    : [ 60%] Meshing curve 204 (Line)
Info    : [ 60%] Meshing curve 205 (Line)
Info    : [ 60%] Meshing curve 206 (Line)
Info    : [ 60%] Meshing curve 207 (Line)
Info    : [ 70%] Meshing curve 208 (Line)
Info    : [ 70%] Meshing curve 209 (Line)
Info    : [ 70%] Meshing curve 210 (Line)
Info    : [ 70%] Meshing curve 211 (Line)
Info    : [ 70%] Meshing curve 212 (Line)
Info    : [ 70%] Meshing curve 213 (Line)
Info    : [ 70%] Meshing curve 214 (Line)
Info    : [ 70%] Meshing curve 215 (Line)
Info    : [ 70%] Meshing curve 216 (Line)
Info    : [ 70%] Meshing curve 217 (Line)
Info    : [ 70%] Meshing curve 218 (Line)
Info    : [ 70%] Meshing curve 219 (Line)
Info    : [ 70%] Meshing curve 220 (Line)
Info    : [ 70%] Meshing curve 221 (Line)
Info    : [ 70%] Meshing curve 222 (Line)
Info    : [ 70%] Meshing curve 223 (Line)
Info    : [ 70%] Meshing curve 224 (Line)
Info    : [ 70%] Meshing curve 225 (Line)
Info    : [ 70%] Meshing curve 226 (Line)
Info    : [ 70%] Meshing curve 227 (Line)
Info    : [ 70%] Meshing curve 228 (Line)
Info    : [ 70%] Meshing curve 229 (Line)
Info    : [ 70%] Meshing curve 230 (Line)
Info    : [ 70%] Meshing curve 231 (Line)
Info    : [ 70%] Meshing curve 232 (Line)
Info    : [ 70%] Meshing curve 233 (Line)
Info    : [ 70%] Meshing curve 234 (Line)
Info    : [ 70%] Meshing curve 235 (Line)
Info    : [ 70%] Meshing curve 236 (Line)
Info    : [ 70%] Meshing curve 237 (Line)
Info    : [ 70%] Meshing curve 238 (Line)
Info    : [ 70%] Meshing curve 239 (Line)
Info    : [ 80%] Meshing curve 240 (Line)
Info    : [ 80%] Meshing curve 241 (Line)
Info    : [ 80%] Meshing curve 242 (Line)
Info    : [ 80%] Meshing curve 243 (Line)
Info    : [ 80%] Meshing curve 244 (Line)
Info    : [ 80%] Meshing curve 245 (Line)
Info    : [ 80%] Meshing curve 246 (Line)
Info    : [ 80%] Meshing curve 247 (Line)
Info    : [ 80%] Meshing curve 248 (Line)
Info    : [ 80%] Meshing curve 249 (Line)
Info    : [ 80%] Meshing curve 250 (Line)
Info    : [ 80%] Meshing curve 251 (Line)
Info    : [ 80%] Meshing curve 252 (Line)
Info    : [ 80%] Meshing curve 253 (Line)
Info    : [ 80%] Meshing curve 254 (Line)
Info    : [ 80%] Meshing curve 255 (Line)
Info    : [ 80%] Meshing curve 256 (Line)
Info    : [ 80%] Meshing curve 257 (Line)
Info    : [ 80%] Meshing curve 258 (Line)
Info    : [ 80%] Meshing curve 259 (Line)
Info    : [ 80%] Meshing curve 260 (Line)
Info    : [ 80%] Meshing curve 261 (Line)
Info    : [ 80%] Meshing curve 262 (Line)
Info    : [ 80%] Meshing curve 263 (Line)
Info    : [ 80%] Meshing curve 264 (Line)
Info    : [ 80%] Meshing curve 265 (Line)
Info    : [ 80%] Meshing curve 266 (Line)
Info    : [ 80%] Meshing curve 267 (Line)
Info    : [ 80%] Meshing curve 268 (Line)
Info    : [ 80%] Meshing curve 269 (Line)
Info    : [ 80%] Meshing curve 270 (Line)
Info    : [ 80%] Meshing curve 271 (Line)
Info    : [ 80%] Meshing curve 272 (Line)
Info    : [ 90%] Meshing curve 273 (Line)
Info    : [ 90%] Meshing curve 274 (Line)
Info    : [ 90%] Meshing curve 275 (Line)
Info    : [ 90%] Meshing curve 276 (Line)
Info    : [ 90%] Meshing curve 277 (Line)
Info    : [ 90%] Meshing curve 278 (Line)
Info    : [ 90%] Meshing curve 279 (Line)
Info    : [ 90%] Meshing curve 280 (Line)
Info    : [ 90%] Meshing curve 281 (Line)
Info    : [ 90%] Meshing curve 282 (Line)
Info    : [ 90%] Meshing curve 283 (Line)
Info    : [ 90%] Meshing curve 284 (Line)
Info    : [ 90%] Meshing curve 285 (Line)
Info    : [ 90%] Meshing curve 286 (Line)
Info    : [ 90%] Meshing curve 287 (Line)
Info    : [ 90%] Meshing curve 288 (Line)
Info    : [ 90%] Meshing curve 289 (Line)
Info    : [ 90%] Meshing curve 290 (Line)
Info    : [ 90%] Meshing curve 291 (Line)
Info    : [ 90%] Meshing curve 292 (Line)
Info    : [ 90%] Meshing curve 293 (Line)
Info    : [ 90%] Meshing curve 294 (Line)
Info    : [ 90%] Meshing curve 295 (Line)
Info    : [ 90%] Meshing curve 296 (Line)
Info    : [ 90%] Meshing curve 297 (Line)
Info    : [ 90%] Meshing curve 298 (Line)
Info    : [ 90%] Meshing curve 299 (Line)
Info    : [ 90%] Meshing curve 300 (Line)
Info    : [ 90%] Meshing curve 301 (Line)
Info    : [ 90%] Meshing curve 302 (Line)
Info    : [ 90%] Meshing curve 303 (Line)
Info    : [ 90%] Meshing curve 304 (Line)
Info    : [100%] Meshing curve 305 (Line)
Info    : [100%] Meshing curve 306 (Line)
Info    : [100%] Meshing curve 307 (Line)
Info    : [100%] Meshing curve 308 (Line)
Info    : [100%] Meshing curve 309 (Line)
Info    : [100%] Meshing curve 310 (Line)
Info    : [100%] Meshing curve 311 (Line)
Info    : [100%] Meshing curve 312 (Line)
Info    : [100%] Meshing curve 313 (Line)
Info    : [100%] Meshing curve 314 (Line)
Info    : [100%] Meshing curve 315 (Line)
Info    : [100%] Meshing curve 316 (Line)
Info    : [100%] Meshing curve 317 (Line)
Info    : [100%] Meshing curve 318 (Line)
Info    : [100%] Meshing curve 319 (Line)
Info    : [100%] Meshing curve 320 (Line)
Info    : [100%] Meshing curve 321 (Line)
Info    : [100%] Meshing curve 322 (Line)
Info    : [100%] Meshing curve 323 (Line)
Info    : [100%] Meshing curve 324 (Line)
Info    : [100%] Meshing curve 325 (Line)
Info    : [100%] Meshing curve 326 (Line)
Info    : [100%] Meshing curve 327 (Line)
Info    : [100%] Meshing curve 328 (Line)
Info    : [100%] Meshing curve 329 (Line)
Info    : [100%] Meshing curve 330 (Line)
Info    : [100%] Meshing curve 331 (Line)
Info    : [100%] Meshing curve 332 (Line)
Info    : [100%] Meshing curve 333 (Line)
Info    : [100%] Meshing curve 334 (Line)
Info    : [100%] Meshing curve 335 (Line)
Info    : [100%] Meshing curve 336 (Line)
Info    : Done meshing 1D (Wall 0.0830086s, CPU 0.076001s)
Info    : Meshing 2D...
Info    : [  0%] Meshing surface 7 (Plane, Delaunay)
Info    : [ 10%] Meshing surface 8 (Plane, Delaunay)
Info    : [ 10%] Meshing surface 9 (Plane, Delaunay)
Info    : [ 10%] Meshing surface 10 (Plane, Delaunay)
Info    : [ 10%] Meshing surface 11 (Plane, Delaunay)
Info    : [ 10%] Meshing surface 12 (Plane, Delaunay)
Info    : [ 10%] Meshing surface 13 (Plane, Delaunay)
Info    : [ 10%] Meshing surface 14 (Plane, Delaunay)
Info    : [ 10%] Meshing surface 15 (Plane, Delaunay)
Info    : [ 10%] Meshing surface 16 (Plane, Delaunay)
Info    : [ 10%] Meshing surface 17 (Plane, Delaunay)
Info    : [ 10%] Meshing surface 18 (Plane, Delaunay)
Info    : [ 10%] Meshing surface 19 (Plane, Delaunay)
Info    : [ 10%] Meshing surface 20 (Plane, Delaunay)
Info    : [ 10%] Meshing surface 21 (Plane, Delaunay)
Info    : [ 10%] Meshing surface 22 (Plane, Delaunay)
Info    : [ 10%] Meshing surface 23 (Plane, Delaunay)
Info    : [ 20%] Meshing surface 24 (Plane, Delaunay)
Info    : [ 20%] Meshing surface 25 (Plane, Delaunay)
Info    : [ 20%] Meshing surface 26 (Plane, Delaunay)
Info    : [ 20%] Meshing surface 27 (Plane, Delaunay)
Info    : [ 20%] Meshing surface 28 (Plane, Delaunay)
Info    : [ 20%] Meshing surface 29 (Plane, Delaunay)
Info    : [ 20%] Meshing surface 30 (Plane, Delaunay)
Info    : [ 20%] Meshing surface 31 (Plane, Delaunay)
Info    : [ 20%] Meshing surface 32 (Plane, Delaunay)
Info    : [ 20%] Meshing surface 33 (Plane, Delaunay)
Info    : [ 20%] Meshing surface 34 (Plane, Delaunay)
Info    : [ 20%] Meshing surface 35 (Plane, Delaunay)
Info    : [ 20%] Meshing surface 36 (Plane, Delaunay)
Info    : [ 20%] Meshing surface 37 (Plane, Delaunay)
Info    : [ 20%] Meshing surface 38 (Plane, Delaunay)
Info    : [ 20%] Meshing surface 39 (Plane, Delaunay)
Info    : [ 30%] Meshing surface 40 (Plane, Delaunay)
Info    : [ 30%] Meshing surface 41 (Plane, Delaunay)
Info    : [ 30%] Meshing surface 42 (Plane, Delaunay)
Info    : [ 30%] Meshing surface 43 (Plane, Delaunay)
Info    : [ 30%] Meshing surface 44 (Plane, Delaunay)
Info    : [ 30%] Meshing surface 45 (Plane, Delaunay)
Info    : [ 30%] Meshing surface 46 (Plane, Delaunay)
Info    : [ 30%] Meshing surface 47 (Plane, Delaunay)
Info    : [ 30%] Meshing surface 48 (Plane, Delaunay)
Info    : [ 30%] Meshing surface 49 (Plane, Delaunay)
Info    : [ 30%] Meshing surface 50 (Plane, Delaunay)
Info    : [ 30%] Meshing surface 51 (Plane, Delaunay)
Info    : [ 30%] Meshing surface 52 (Plane, Delaunay)
Info    : [ 30%] Meshing surface 53 (Plane, Delaunay)
Info    : [ 30%] Meshing surface 54 (Plane, Delaunay)
Info    : [ 30%] Meshing surface 55 (Plane, Delaunay)
Info    : [ 40%] Meshing surface 56 (Plane, Delaunay)
Info    : [ 40%] Meshing surface 57 (Plane, Delaunay)
Info    : [ 40%] Meshing surface 58 (Plane, Delaunay)
Info    : [ 40%] Meshing surface 59 (Plane, Delaunay)
Info    : [ 40%] Meshing surface 60 (Plane, Delaunay)
Info    : [ 40%] Meshing surface 61 (Plane, Delaunay)
Info    : [ 40%] Meshing surface 62 (Plane, Delaunay)
Info    : [ 40%] Meshing surface 63 (Plane, Delaunay)
Info    : [ 40%] Meshing surface 64 (Plane, Delaunay)
Info    : [ 40%] Meshing surface 65 (Plane, Delaunay)
Info    : [ 40%] Meshing surface 66 (Plane, Delaunay)
Info    : [ 40%] Meshing surface 67 (Plane, Delaunay)
Info    : [ 40%] Meshing surface 68 (Plane, Delaunay)
Info    : [ 40%] Meshing surface 69 (Plane, Delaunay)
Info    : [ 40%] Meshing surface 70 (Plane, Delaunay)
Info    : [ 40%] Meshing surface 71 (Plane, Delaunay)
Info    : [ 50%] Meshing surface 72 (Plane, Delaunay)
Info    : [ 50%] Meshing surface 73 (Plane, Delaunay)
Info    : [ 50%] Meshing surface 74 (Plane, Delaunay)
Info    : [ 50%] Meshing surface 75 (Plane, Delaunay)
Info    : [ 50%] Meshing surface 76 (Plane, Delaunay)
Info    : [ 50%] Meshing surface 77 (Plane, Delaunay)
Info    : [ 50%] Meshing surface 78 (Plane, Delaunay)
Info    : [ 50%] Meshing surface 79 (Plane, Delaunay)
Info    : [ 50%] Meshing surface 80 (Plane, Delaunay)
Info    : [ 50%] Meshing surface 81 (Plane, Delaunay)
Info    : [ 50%] Meshing surface 82 (Plane, Delaunay)
Info    : [ 50%] Meshing surface 83 (Plane, Delaunay)
Info    : [ 50%] Meshing surface 84 (Plane, Delaunay)
Info    : [ 50%] Meshing surface 85 (Plane, Delaunay)
Info    : [ 50%] Meshing surface 86 (Plane, Delaunay)
Info    : [ 50%] Meshing surface 87 (Plane, Delaunay)
Info    : [ 60%] Meshing surface 88 (Plane, Delaunay)
Info    : [ 60%] Meshing surface 89 (Plane, Delaunay)
Info    : [ 60%] Meshing surface 90 (Plane, Delaunay)
Info    : [ 60%] Meshing surface 91 (Plane, Delaunay)
Info    : [ 60%] Meshing surface 92 (Plane, Delaunay)
Info    : [ 60%] Meshing surface 93 (Plane, Delaunay)
Info    : [ 60%] Meshing surface 94 (Plane, Delaunay)
Info    : [ 60%] Meshing surface 95 (Plane, Delaunay)
Info    : [ 60%] Meshing surface 96 (Plane, Delaunay)
Info    : [ 60%] Meshing surface 97 (Plane, Delaunay)
Info    : [ 60%] Meshing surface 98 (Plane, Delaunay)
Info    : [ 60%] Meshing surface 99 (Plane, Delaunay)
Info    : [ 60%] Meshing surface 100 (Plane, Delaunay)
Info    : [ 60%] Meshing surface 101 (Plane, Delaunay)
Info    : [ 60%] Meshing surface 102 (Plane, Delaunay)
Info    : [ 60%] Meshing surface 103 (Plane, Delaunay)
Info    : [ 60%] Meshing surface 104 (Plane, Delaunay)
Info    : [ 70%] Meshing surface 105 (Plane, Delaunay)
Info    : [ 70%] Meshing surface 106 (Plane, Delaunay)
Info    : [ 70%] Meshing surface 107 (Plane, Delaunay)
Info    : [ 70%] Meshing surface 108 (Plane, Delaunay)
Info    : [ 70%] Meshing surface 109 (Plane, Delaunay)
Info    : [ 70%] Meshing surface 110 (Plane, Delaunay)
Info    : [ 70%] Meshing surface 111 (Plane, Delaunay)
Info    : [ 70%] Meshing surface 112 (Plane, Delaunay)
Info    : [ 70%] Meshing surface 113 (Plane, Delaunay)
Info    : [ 70%] Meshing surface 114 (Plane, Delaunay)
Info    : [ 70%] Meshing surface 115 (Plane, Delaunay)
Info    : [ 70%] Meshing surface 116 (Plane, Delaunay)
Info    : [ 70%] Meshing surface 117 (Plane, Delaunay)
Info    : [ 70%] Meshing surface 118 (Plane, Delaunay)
Info    : [ 70%] Meshing surface 119 (Plane, Delaunay)
Info    : [ 70%] Meshing surface 120 (Plane, Delaunay)
Info    : [ 80%] Meshing surface 121 (Plane, Delaunay)
Info    : [ 80%] Meshing surface 122 (Plane, Delaunay)
Info    : [ 80%] Meshing surface 123 (Plane, Delaunay)
Info    : [ 80%] Meshing surface 124 (Plane, Delaunay)
Info    : [ 80%] Meshing surface 125 (Plane, Delaunay)
Info    : [ 80%] Meshing surface 126 (Plane, Delaunay)
Info    : [ 80%] Meshing surface 127 (Plane, Delaunay)
Info    : [ 80%] Meshing surface 128 (Plane, Delaunay)
Info    : [ 80%] Meshing surface 129 (Plane, Delaunay)
Info    : [ 80%] Meshing surface 130 (Plane, Delaunay)
Info    : [ 80%] Meshing surface 131 (Plane, Delaunay)
Info    : [ 80%] Meshing surface 132 (Plane, Delaunay)
Info    : [ 80%] Meshing surface 133 (Plane, Delaunay)
Info    : [ 80%] Meshing surface 134 (Plane, Delaunay)
Info    : [ 80%] Meshing surface 135 (Plane, Delaunay)
Info    : [ 80%] Meshing surface 136 (Plane, Delaunay)
Info    : [ 90%] Meshing surface 137 (Plane, Delaunay)
Info    : [ 90%] Meshing surface 138 (Plane, Delaunay)
Info    : [ 90%] Meshing surface 139 (Plane, Delaunay)
Info    : [ 90%] Meshing surface 140 (Plane, Delaunay)
Info    : [ 90%] Meshing surface 141 (Plane, Delaunay)
Info    : [ 90%] Meshing surface 142 (Plane, Delaunay)
Info    : [ 90%] Meshing surface 143 (Plane, Delaunay)
Info    : [ 90%] Meshing surface 144 (Plane, Delaunay)
Info    : [ 90%] Meshing surface 145 (Plane, Delaunay)
Info    : [ 90%] Meshing surface 146 (Plane, Delaunay)
Info    : [ 90%] Meshing surface 147 (Plane, Delaunay)
Info    : [ 90%] Meshing surface 148 (Plane, Delaunay)
Info    : [ 90%] Meshing surface 149 (Plane, Delaunay)
Info    : [ 90%] Meshing surface 150 (Plane, Delaunay)
Info    : [ 90%] Meshing surface 151 (Plane, Delaunay)
Info    : [ 90%] Meshing surface 152 (Plane, Delaunay)
Info    : [100%] Meshing surface 153 (Plane, Delaunay)
Info    : [100%] Meshing surface 154 (Plane, Delaunay)
Info    : [100%] Meshing surface 155 (Plane, Delaunay)
Info    : [100%] Meshing surface 156 (Plane, Delaunay)
Info    : [100%] Meshing surface 157 (Plane, Delaunay)
Info    : [100%] Meshing surface 158 (Plane, Delaunay)
Info    : [100%] Meshing surface 159 (Plane, Delaunay)
Info    : [100%] Meshing surface 160 (Plane, Delaunay)
Info    : [100%] Meshing surface 161 (Plane, Delaunay)
Info    : [100%] Meshing surface 162 (Plane, Delaunay)
Info    : [100%] Meshing surface 163 (Plane, Delaunay)
Info    : [100%] Meshing surface 164 (Plane, Delaunay)
Info    : [100%] Meshing surface 165 (Plane, Delaunay)
Info    : [100%] Meshing surface 166 (Plane, Delaunay)
Info    : [100%] Meshing surface 167 (Plane, Delaunay)
Info    : [100%] Meshing surface 168 (Plane, Delaunay)
Info    : Done meshing 2D (Wall 20.3975s, CPU 20.2353s)
Info    : Meshing 3D...
Info    : 3D Meshing 27 volumes with 1 connected component
Info    : Input mesh hash 3d4332ea1fd054e2
Info    : Creating an empty mesh with 723153 vertices
Info    : Initialization of tet. mesh
Info    : Delaunay of     723149 points on   1 threads - mesh.nvert: 4         
Info    : Recovering 1584 missing facet(s)
Info    : Recover Delaunay
Info    : All volumes of the BRep were found and colorized accordingly
Info    : Computing mesh sizes...
Info    : Done computing mesh sizes
Info    : Delaunay of     632567 points on   1 threads - mesh.nvert: 723153    
Info    :           -     631592 points filtered
Info    :           =        975 points added
Info    : Computing mesh sizes...
Info    : Done computing mesh sizes
Info    : Delaunay of       3315 points on   1 threads - mesh.nvert: 724128    
Info    :           -       2907 points filtered
Info    :           =        408 points added
Info    : Computing mesh sizes...
Info    : Done computing mesh sizes
Info    : Delaunay of        311 points on   1 threads - mesh.nvert: 724536    
Info    :           -        198 points filtered
Info    :           =        113 points added
Info    : Computing mesh sizes...
Info    : Done computing mesh sizes
Info    : Delaunay of         23 points on   1 threads - mesh.nvert: 724649    
Info    :           -         11 points filtered
Info    :           =         12 points added
Info    : Computing mesh sizes...
Info    : Done computing mesh sizes
Info    : Improving    1737581 tet. on   1 thrd (S & ER)
Info    : Improving    1642355 tet. on   1 thrd (S & ER)
Info    : Improving    1637747 tet. on   1 thrd (S & ER)
