[solver 001/346] id=6 FH=116.7ms FEM=4260.6ms valid=True
[solver 002/346] id=7 FH=71.3ms FEM=3451.3ms valid=True
[solver 003/346] id=12 FH=90.4ms FEM=3359.0ms valid=True
[solver 004/346] id=18 FH=81.8ms FEM=2986.5ms valid=True
[solver 005/346] id=23 FH=49.2ms FEM=3160.3ms valid=True
[solver 006/346] id=27 FH=112.9ms FEM=5124.8ms valid=True
[solver 007/346] id=39 FH=80.9ms FEM=3463.8ms valid=True
[solver 008/346] id=52 FH=61.7ms FEM=3747.7ms valid=True
[solver 009/346] id=60 FH=118.1ms FEM=3840.3ms valid=True
[solver 010/346] id=69 FH=110.4ms FEM=3737.3ms valid=True
[solver 011/346] id=70 FH=60.7ms FEM=3844.7ms valid=True
[solver 012/346] id=71 FH=74.0ms FEM=3373.7ms valid=True
[solver 013/346] id=74 FH=76.4ms FEM=4006.1ms valid=True
[solver 014/346] id=84 FH=67.3ms FEM=1051.9ms valid=False
[solver 015/346] id=85 FH=97.2ms FEM=5242.3ms valid=True
[solver 016/346] id=100 FH=40.3ms FEM=3136.5ms valid=True
[solver 017/346] id=107 FH=63.5ms FEM=3251.2ms valid=True
[solver 018/346] id=108 FH=109.5ms FEM=4283.5ms valid=True
[solver 019/346] id=113 FH=77.9ms FEM=1181.2ms valid=False
[solver 020/346] id=115 FH=68.3ms FEM=4267.9ms valid=True
[solver 021/346] id=118 FH=101.1ms FEM=3537.8ms valid=True
[solver 022/346] id=120 FH=115.9ms FEM=3539.0ms valid=True
[solver 023/346] id=122 FH=112.1ms FEM=3624.0ms valid=True
[solver 024/346] id=126 FH=116.4ms FEM=1143.3ms valid=False
[solver 025/346] id=130 FH=101.6ms FEM=4040.6ms valid=True
[solver 026/346] id=142 FH=80.1ms FEM=4114.4ms valid=True
[solver 027/346] id=143 FH=108.3ms FEM=3278.5ms valid=True
[solver 028/346] id=144 FH=111.7ms FEM=4163.4ms valid=True
[solver 029/346] id=146 FH=94.6ms FEM=4190.8ms valid=True
[solver 030/346] id=153 FH=71.5ms FEM=3385.8ms valid=True
[solver 031/346] id=160 FH=91.7ms FEM=4142.4ms valid=True
[solver 032/346] id=165 FH=71.2ms FEM=3874.8ms valid=True
[solver 033/346] id=169 FH=114.8ms FEM=3630.0ms valid=True
[solver 034/346] id=170 FH=105.1ms FEM=3328.1ms valid=True
[solver 035/346] id=172 FH=42.1ms FEM=3180.4ms valid=True
[solver 036/346] id=188 FH=108.0ms FEM=3914.3ms valid=True
[solver 037/346] id=191 FH=56.0ms FEM=3416.0ms valid=True
[solver 038/346] id=208 FH=125.7ms FEM=3510.2ms valid=True
[solver 039/346] id=209 FH=135.9ms FEM=3730.6ms valid=True
[solver 040/346] id=222 FH=83.3ms FEM=3309.2ms valid=True
[solver 041/346] id=224 FH=130.9ms FEM=3735.3ms valid=True
[solver 042/346] id=230 FH=92.0ms FEM=3547.0ms valid=True
[solver 043/346] id=231 FH=71.0ms FEM=3763.8ms valid=True
[solver 044/346] id=235 FH=105.2ms FEM=3249.0ms valid=True
[solver 045/346] id=237 FH=128.7ms FEM=3634.2ms valid=True
[solver 046/346] id=248 FH=124.7ms FEM=3248.9ms valid=True
[solver 047/346] id=249 FH=65.9ms FEM=3978.8ms valid=True
[solver 048/346] id=253 FH=61.5ms FEM=3389.7ms valid=True
[solver 049/346] id=255 FH=56.5ms FEM=3406.4ms valid=True
[solver 050/346] id=259 FH=106.3ms FEM=3365.7ms valid=True
[solver 051/346] id=261 FH=104.4ms FEM=4029.5ms valid=True
[solver 052/346] id=268 FH=140.2ms FEM=4695.7ms valid=True
[solver 053/346] id=269 FH=87.7ms FEM=4074.0ms valid=True
[solver 054/346] id=270 FH=100.7ms FEM=3512.3ms valid=True
[solver 055/346] id=280 FH=70.3ms FEM=3043.7ms valid=True
[solver 056/346] id=283 FH=95.1ms FEM=5551.4ms valid=True
[solver 057/346] id=284 FH=79.9ms FEM=4201.2ms valid=True
[solver 058/346] id=289 FH=90.1ms FEM=3610.3ms valid=True
[solver 059/346] id=290 FH=116.3ms FEM=3551.7ms valid=True
[solver 060/346] id=293 FH=80.9ms FEM=3422.9ms valid=True
[solver 061/346] id=295 FH=58.2ms FEM=3752.7ms valid=True
[solver 062/346] id=297 FH=67.6ms FEM=4694.6ms valid=True
[solver 063/346] id=306 FH=85.5ms FEM=1102.3ms valid=False
[solver 064/346] id=310 FH=107.9ms FEM=4020.9ms valid=True
[solver 065/346] id=314 FH=58.3ms FEM=3328.7ms valid=True
[solver 066/346] id=322 FH=112.2ms FEM=3418.2ms valid=True
[solver 067/346] id=324 FH=48.3ms FEM=2946.3ms valid=True
[solver 068/346] id=340 FH=64.0ms FEM=3604.8ms valid=True
[solver 069/346] id=341 FH=69.9ms FEM=4045.5ms valid=True
[solver 070/346] id=342 FH=122.0ms FEM=4280.4ms valid=True
[solver 071/346] id=344 FH=92.1ms FEM=3660.9ms valid=True
[solver 072/346] id=347 FH=51.1ms FEM=5703.9ms valid=True
[solver 073/346] id=349 FH=51.7ms FEM=5303.5ms valid=True
[solver 074/346] id=353 FH=108.6ms FEM=4337.5ms valid=True
[solver 075/346] id=365 FH=62.5ms FEM=3575.1ms valid=True
[solver 076/346] id=367 FH=80.4ms FEM=3017.8ms valid=True
[solver 077/346] id=369 FH=66.7ms FEM=4157.1ms valid=True
[solver 078/346] id=371 FH=65.3ms FEM=3243.1ms valid=True
[solver 079/346] id=374 FH=149.8ms FEM=3593.0ms valid=True
[solver 080/346] id=379 FH=60.1ms FEM=3448.5ms valid=True
[solver 081/346] id=383 FH=60.1ms FEM=3226.3ms valid=True
[solver 082/346] id=384 FH=131.3ms FEM=3215.9ms valid=True
[solver 083/346] id=387 FH=120.2ms FEM=3646.8ms valid=True
[solver 084/346] id=391 FH=98.6ms FEM=3361.0ms valid=True
[solver 085/346] id=401 FH=62.0ms FEM=3517.7ms valid=True
[solver 086/346] id=408 FH=91.2ms FEM=3507.7ms valid=True
[solver 087/346] id=412 FH=84.7ms FEM=3333.1ms valid=True
[solver 088/346] id=415 FH=127.8ms FEM=3745.6ms valid=True
[solver 089/346] id=418 FH=56.5ms FEM=3735.7ms valid=True
[solver 090/346] id=427 FH=108.1ms FEM=3857.2ms valid=True
[solver 091/346] id=433 FH=77.0ms FEM=3337.5ms valid=True
[solver 092/346] id=436 FH=124.9ms FEM=3175.9ms valid=True
[solver 093/346] id=441 FH=63.4ms FEM=3373.1ms valid=True
[solver 094/346] id=453 FH=117.6ms FEM=3992.4ms valid=True
[solver 095/346] id=455 FH=140.4ms FEM=3997.2ms valid=True
[solver 096/346] id=460 FH=78.7ms FEM=3936.8ms valid=True
[solver 097/346] id=470 FH=87.0ms FEM=3644.0ms valid=True
[solver 098/346] id=474 FH=55.1ms FEM=3562.0ms valid=True
[solver 099/346] id=476 FH=89.3ms FEM=3849.1ms valid=True
[solver 100/346] id=478 FH=108.5ms FEM=3299.9ms valid=True
[solver 101/346] id=480 FH=80.1ms FEM=3827.0ms valid=True
[solver 102/346] id=481 FH=63.9ms FEM=3863.7ms valid=True
[solver 103/346] id=482 FH=50.3ms FEM=3210.3ms valid=True
[solver 104/346] id=487 FH=61.2ms FEM=3697.3ms valid=True
[solver 105/346] id=495 FH=129.9ms FEM=4257.9ms valid=True
[solver 106/346] id=496 FH=150.2ms FEM=4184.1ms valid=True
[solver 107/346] id=497 FH=59.0ms FEM=3754.3ms valid=True
[solver 108/346] id=498 FH=97.8ms FEM=3367.6ms valid=True
[solver 109/346] id=502 FH=94.5ms FEM=1132.8ms valid=False
[solver 110/346] id=503 FH=106.8ms FEM=4094.8ms valid=True
[solver 111/346] id=505 FH=73.9ms FEM=1102.8ms valid=False
[solver 112/346] id=506 FH=94.3ms FEM=3850.8ms valid=True
[solver 113/346] id=507 FH=113.2ms FEM=3660.3ms valid=True
[solver 114/346] id=510 FH=45.6ms FEM=3270.7ms valid=True
[solver 115/346] id=513 FH=94.6ms FEM=3044.7ms valid=True
[solver 116/346] id=521 FH=83.7ms FEM=4067.3ms valid=True
[solver 117/346] id=538 FH=50.3ms FEM=957.0ms valid=False
[solver 118/346] id=539 FH=128.6ms FEM=3576.7ms valid=True
[solver 119/346] id=541 FH=62.9ms FEM=3122.7ms valid=True
[solver 120/346] id=543 FH=81.9ms FEM=3801.4ms valid=True
[solver 121/346] id=549 FH=58.8ms FEM=3240.4ms valid=True
[solver 122/346] id=550 FH=72.3ms FEM=3076.1ms valid=True
[solver 123/346] id=558 FH=87.8ms FEM=3788.0ms valid=True
[solver 124/346] id=560 FH=87.5ms FEM=4021.7ms valid=True
[solver 125/346] id=561 FH=56.3ms FEM=3274.3ms valid=True
[solver 126/346] id=562 FH=74.6ms FEM=2766.0ms valid=True
[solver 127/346] id=563 FH=73.9ms FEM=4490.4ms valid=True
[solver 128/346] id=575 FH=111.7ms FEM=3713.0ms valid=True
[solver 129/346] id=577 FH=107.0ms FEM=3714.1ms valid=True
[solver 130/346] id=580 FH=83.9ms FEM=3222.5ms valid=True
[solver 131/346] id=582 FH=62.4ms FEM=3022.7ms valid=True
[solver 132/346] id=590 FH=78.2ms FEM=3637.1ms valid=True
[solver 133/346] id=594 FH=91.5ms FEM=3187.0ms valid=True
[solver 134/346] id=595 FH=90.9ms FEM=3930.8ms valid=True
[solver 135/346] id=601 FH=88.4ms FEM=3376.7ms valid=True
[solver 136/346] id=605 FH=98.2ms FEM=3238.5ms valid=True
[solver 137/346] id=611 FH=94.4ms FEM=3439.8ms valid=True
[solver 138/346] id=612 FH=118.6ms FEM=4107.3ms valid=True
[solver 139/346] id=613 FH=135.0ms FEM=4414.4ms valid=True
[solver 140/346] id=614 FH=248.1ms FEM=3543.0ms valid=True
[solver 141/346] id=616 FH=97.6ms FEM=5279.3ms valid=True
[solver 142/346] id=619 FH=57.4ms FEM=3540.0ms valid=True
[solver 143/346] id=620 FH=82.9ms FEM=2879.3ms valid=True
[solver 144/346] id=625 FH=112.7ms FEM=1261.3ms valid=False
[solver 145/346] id=628 FH=90.3ms FEM=3343.2ms valid=True
[solver 146/346] id=634 FH=69.2ms FEM=3254.2ms valid=True
[solver 147/346] id=635 FH=66.9ms FEM=3697.3ms valid=True
[solver 148/346] id=646 FH=50.7ms FEM=3048.8ms valid=True
[solver 149/346] id=647 FH=92.0ms FEM=3719.0ms valid=True
[solver 150/346] id=653 FH=51.9ms FEM=3929.6ms valid=True
[solver 151/346] id=658 FH=79.5ms FEM=4035.4ms valid=True
[solver 152/346] id=660 FH=54.5ms FEM=3200.0ms valid=True
[solver 153/346] id=668 FH=128.5ms FEM=3450.2ms valid=True
[solver 154/346] id=670 FH=90.4ms FEM=3078.0ms valid=True
[solver 155/346] id=673 FH=110.8ms FEM=3644.7ms valid=True
[solver 156/346] id=675 FH=103.7ms FEM=3332.2ms valid=True
[solver 157/346] id=682 FH=78.2ms FEM=4893.7ms valid=True
[solver 158/346] id=683 FH=104.6ms FEM=3874.3ms valid=True
[solver 159/346] id=684 FH=72.5ms FEM=3317.2ms valid=True
[solver 160/346] id=685 FH=77.9ms FEM=3526.1ms valid=True
[solver 161/346] id=693 FH=131.9ms FEM=4646.0ms valid=True
[solver 162/346] id=698 FH=88.5ms FEM=4014.4ms valid=True
[solver 163/346] id=711 FH=74.7ms FEM=3097.3ms valid=True
[solver 164/346] id=720 FH=124.2ms FEM=3526.8ms valid=True
[solver 165/346] id=730 FH=54.0ms FEM=3605.6ms valid=True
[solver 166/346] id=740 FH=46.6ms FEM=3385.0ms valid=True
[solver 167/346] id=747 FH=117.1ms FEM=4623.2ms valid=True
[solver 168/346] id=754 FH=116.0ms FEM=3292.8ms valid=True
[solver 169/346] id=758 FH=73.8ms FEM=3194.8ms valid=True
[solver 170/346] id=759 FH=93.3ms FEM=3253.6ms valid=True
[solver 171/346] id=763 FH=56.9ms FEM=2867.3ms valid=True
[solver 172/346] id=768 FH=88.6ms FEM=3190.3ms valid=True
[solver 173/346] id=776 FH=125.1ms FEM=3282.3ms valid=True
[solver 174/346] id=781 FH=108.8ms FEM=5083.0ms valid=True
[solver 175/346] id=783 FH=105.0ms FEM=3729.3ms valid=True
[solver 176/346] id=786 FH=52.0ms FEM=2813.6ms valid=True
[solver 177/346] id=788 FH=91.0ms FEM=1115.5ms valid=False
[solver 178/346] id=791 FH=118.8ms FEM=3488.3ms valid=True
[solver 179/346] id=794 FH=87.3ms FEM=3425.9ms valid=True
[solver 180/346] id=805 FH=104.1ms FEM=3484.8ms valid=True
[solver 181/346] id=806 FH=99.5ms FEM=3074.4ms valid=True
[solver 182/346] id=808 FH=122.8ms FEM=3337.7ms valid=True
[solver 183/346] id=814 FH=125.1ms FEM=3303.7ms valid=True
[solver 184/346] id=817 FH=44.8ms FEM=3211.1ms valid=True
[solver 185/346] id=829 FH=41.5ms FEM=3538.6ms valid=True
[solver 186/346] id=839 FH=127.9ms FEM=4569.8ms valid=True
[solver 187/346] id=847 FH=92.9ms FEM=3578.5ms valid=True
[solver 188/346] id=848 FH=95.2ms FEM=3590.8ms valid=True
[solver 189/346] id=852 FH=92.8ms FEM=3459.7ms valid=True
[solver 190/346] id=858 FH=118.6ms FEM=3529.8ms valid=True
[solver 191/346] id=871 FH=64.3ms FEM=2953.3ms valid=True
[solver 192/346] id=879 FH=80.8ms FEM=3267.8ms valid=True
[solver 193/346] id=886 FH=78.2ms FEM=3182.3ms valid=True
[solver 194/346] id=887 FH=117.7ms FEM=3970.8ms valid=True
[solver 195/346] id=888 FH=86.4ms FEM=3770.0ms valid=True
[solver 196/346] id=899 FH=151.9ms FEM=4110.7ms valid=True
[solver 197/346] id=905 FH=80.0ms FEM=3764.3ms valid=True
[solver 198/346] id=913 FH=60.3ms FEM=3416.5ms valid=True
[solver 199/346] id=918 FH=95.5ms FEM=4461.6ms valid=True
[solver 200/346] id=919 FH=114.3ms FEM=3326.4ms valid=True
[solver 201/346] id=920 FH=91.1ms FEM=3156.9ms valid=True
[solver 202/346] id=921 FH=77.8ms FEM=6740.7ms valid=True
[solver 203/346] id=923 FH=99.4ms FEM=3459.2ms valid=True
[solver 204/346] id=929 FH=62.7ms FEM=3356.6ms valid=True
[solver 205/346] id=942 FH=89.3ms FEM=4679.9ms valid=True
[solver 206/346] id=944 FH=105.6ms FEM=3426.5ms valid=True
[solver 207/346] id=946 FH=105.5ms FEM=3851.0ms valid=True
[solver 208/346] id=950 FH=118.4ms FEM=1303.1ms valid=False
[solver 209/346] id=961 FH=85.2ms FEM=3554.7ms valid=True
[solver 210/346] id=963 FH=94.3ms FEM=3970.7ms valid=True
[solver 211/346] id=965 FH=48.9ms FEM=3527.2ms valid=True
[solver 212/346] id=966 FH=106.6ms FEM=3597.6ms valid=True
[solver 213/346] id=969 FH=101.1ms FEM=3717.6ms valid=True
[solver 214/346] id=977 FH=90.4ms FEM=3655.9ms valid=True
[solver 215/346] id=979 FH=106.8ms FEM=3568.8ms valid=True
[solver 216/346] id=981 FH=118.2ms FEM=4396.1ms valid=True
[solver 217/346] id=985 FH=107.5ms FEM=3858.7ms valid=True
[solver 218/346] id=988 FH=108.4ms FEM=3382.8ms valid=True
[solver 219/346] id=993 FH=94.6ms FEM=3814.1ms valid=True
[solver 220/346] id=1002 FH=63.5ms FEM=3506.6ms valid=True
[solver 221/346] id=1004 FH=69.9ms FEM=4266.3ms valid=True
[solver 222/346] id=1012 FH=82.6ms FEM=3880.1ms valid=True
[solver 223/346] id=1028 FH=79.9ms FEM=3755.0ms valid=True
[solver 224/346] id=1047 FH=61.3ms FEM=3558.5ms valid=True
[solver 225/346] id=1053 FH=84.7ms FEM=3446.2ms valid=True
[solver 226/346] id=1055 FH=94.7ms FEM=3388.2ms valid=True
[solver 227/346] id=1057 FH=61.1ms FEM=3449.4ms valid=True
[solver 228/346] id=1058 FH=122.6ms FEM=3450.5ms valid=True
[solver 229/346] id=1061 FH=134.1ms FEM=3958.9ms valid=True
[solver 230/346] id=1072 FH=63.7ms FEM=3776.9ms valid=True
[solver 231/346] id=1073 FH=69.0ms FEM=3156.6ms valid=True
[solver 232/346] id=1079 FH=74.1ms FEM=3926.6ms valid=True
[solver 233/346] id=1081 FH=105.1ms FEM=3530.8ms valid=True
[solver 234/346] id=1084 FH=86.2ms FEM=3636.9ms valid=True
[solver 235/346] id=1100 FH=57.8ms FEM=3161.1ms valid=True
[solver 236/346] id=1103 FH=126.7ms FEM=3618.1ms valid=True
[solver 237/346] id=1104 FH=117.0ms FEM=3576.5ms valid=True
[solver 238/346] id=1111 FH=55.3ms FEM=3769.3ms valid=True
[solver 239/346] id=1112 FH=100.6ms FEM=3429.3ms valid=True
[solver 240/346] id=1118 FH=110.5ms FEM=3911.1ms valid=True
[solver 241/346] id=1136 FH=83.8ms FEM=3574.6ms valid=True
[solver 242/346] id=1141 FH=65.9ms FEM=3260.0ms valid=True
[solver 243/346] id=1146 FH=93.2ms FEM=3666.7ms valid=True
[solver 244/346] id=1149 FH=56.7ms FEM=3582.0ms valid=True
[solver 245/346] id=1155 FH=94.8ms FEM=3283.3ms valid=True
[solver 246/346] id=1164 FH=86.0ms FEM=3724.8ms valid=True
[solver 247/346] id=1168 FH=84.0ms FEM=1282.0ms valid=False
[solver 248/346] id=1170 FH=70.7ms FEM=3280.5ms valid=True
[solver 249/346] id=1171 FH=111.7ms FEM=3573.7ms valid=True
[solver 250/346] id=1173 FH=52.2ms FEM=3123.9ms valid=True
[solver 251/346] id=1174 FH=72.2ms FEM=8926.0ms valid=True
[solver 252/346] id=1180 FH=63.4ms FEM=3536.4ms valid=True
[solver 253/346] id=1181 FH=50.7ms FEM=3378.2ms valid=True
[solver 254/346] id=1182 FH=137.0ms FEM=4484.3ms valid=True
[solver 255/346] id=1184 FH=95.6ms FEM=3603.7ms valid=True
[solver 256/346] id=1187 FH=149.1ms FEM=3928.6ms valid=True
[solver 257/346] id=1188 FH=92.5ms FEM=3949.9ms valid=True
[solver 258/346] id=1193 FH=103.8ms FEM=3210.2ms valid=True
[solver 259/346] id=1198 FH=74.3ms FEM=3777.3ms valid=True
[solver 260/346] id=1201 FH=77.8ms FEM=3262.4ms valid=True
[solver 261/346] id=1207 FH=69.2ms FEM=3255.6ms valid=True
[solver 262/346] id=1213 FH=105.9ms FEM=3676.8ms valid=True
[solver 263/346] id=1215 FH=45.7ms FEM=3248.0ms valid=True
[solver 264/346] id=1225 FH=135.0ms FEM=3721.6ms valid=True
[solver 265/346] id=1227 FH=148.3ms FEM=1144.9ms valid=False
[solver 266/346] id=1233 FH=75.4ms FEM=3872.6ms valid=True
[solver 267/346] id=1234 FH=103.0ms FEM=3497.9ms valid=True
[solver 268/346] id=1242 FH=64.1ms FEM=3231.5ms valid=True
[solver 269/346] id=1243 FH=68.1ms FEM=3107.6ms valid=True
[solver 270/346] id=1244 FH=100.1ms FEM=3086.1ms valid=True
[solver 271/346] id=1246 FH=63.5ms FEM=2956.3ms valid=True
[solver 272/346] id=1247 FH=124.5ms FEM=3716.0ms valid=True
[solver 273/346] id=1249 FH=112.5ms FEM=3910.1ms valid=True
[solver 274/346] id=1252 FH=53.6ms FEM=3254.5ms valid=True
[solver 275/346] id=1253 FH=78.0ms FEM=3217.0ms valid=True
[solver 276/346] id=1257 FH=86.5ms FEM=4155.0ms valid=True
[solver 277/346] id=1259 FH=44.3ms FEM=3421.3ms valid=True
[solver 278/346] id=1268 FH=145.6ms FEM=3783.8ms valid=True
[solver 279/346] id=1270 FH=51.6ms FEM=3494.7ms valid=True
[solver 280/346] id=1272 FH=71.2ms FEM=4359.9ms valid=True
[solver 281/346] id=1277 FH=123.6ms FEM=4670.0ms valid=True
[solver 282/346] id=1282 FH=64.8ms FEM=3033.3ms valid=True
[solver 283/346] id=1285 FH=110.7ms FEM=3687.8ms valid=True
[solver 284/346] id=1287 FH=89.0ms FEM=3502.7ms valid=True
[solver 285/346] id=1288 FH=114.5ms FEM=3289.8ms valid=True
[solver 286/346] id=1294 FH=117.0ms FEM=3731.2ms valid=True
[solver 287/346] id=1298 FH=99.9ms FEM=4366.3ms valid=True
[solver 288/346] id=1299 FH=79.4ms FEM=3348.8ms valid=True
[solver 289/346] id=1302 FH=59.9ms FEM=3195.0ms valid=True
[solver 290/346] id=1305 FH=69.6ms FEM=4070.6ms valid=True
[solver 291/346] id=1315 FH=120.3ms FEM=3603.5ms valid=True
[solver 292/346] id=1318 FH=70.9ms FEM=3378.2ms valid=True
[solver 293/346] id=1323 FH=63.4ms FEM=3528.6ms valid=True
[solver 294/346] id=1327 FH=113.5ms FEM=1248.2ms valid=False
[solver 295/346] id=1331 FH=79.1ms FEM=3714.8ms valid=True
[solver 296/346] id=1333 FH=52.5ms FEM=3625.6ms valid=True
[solver 297/346] id=1334 FH=121.7ms FEM=3649.6ms valid=True
[solver 298/346] id=1352 FH=133.1ms FEM=1284.1ms valid=False
[solver 299/346] id=1353 FH=53.3ms FEM=3189.4ms valid=True
[solver 300/346] id=1356 FH=65.5ms FEM=3109.0ms valid=True
[solver 301/346] id=1358 FH=88.1ms FEM=3409.3ms valid=True
[solver 302/346] id=1360 FH=121.5ms FEM=3846.5ms valid=True
[solver 303/346] id=1363 FH=64.0ms FEM=4231.4ms valid=True
[solver 304/346] id=1366 FH=100.8ms FEM=3897.9ms valid=True
[solver 305/346] id=1368 FH=110.6ms FEM=4303.1ms valid=True
[solver 306/346] id=1374 FH=102.2ms FEM=3238.2ms valid=True
[solver 307/346] id=1375 FH=97.9ms FEM=3399.5ms valid=True
[solver 308/346] id=1378 FH=71.6ms FEM=3341.8ms valid=True
[solver 309/346] id=1383 FH=98.0ms FEM=4007.4ms valid=True
[solver 310/346] id=1388 FH=51.2ms FEM=3136.1ms valid=True
[solver 311/346] id=1391 FH=96.5ms FEM=3238.5ms valid=True
[solver 312/346] id=1393 FH=125.8ms FEM=3846.2ms valid=True
[solver 313/346] id=1394 FH=46.4ms FEM=3013.5ms valid=True
[solver 314/346] id=1395 FH=54.2ms FEM=3671.4ms valid=True
[solver 315/346] id=1403 FH=126.2ms FEM=3887.7ms valid=True
[solver 316/346] id=1405 FH=64.6ms FEM=3434.3ms valid=True
[solver 317/346] id=1406 FH=82.7ms FEM=3922.2ms valid=True
[solver 318/346] id=1407 FH=80.8ms FEM=3377.1ms valid=True
[solver 319/346] id=1408 FH=66.9ms FEM=3258.8ms valid=True
[solver 320/346] id=1410 FH=95.8ms FEM=3290.8ms valid=True
[solver 321/346] id=1413 FH=118.3ms FEM=3447.5ms valid=True
[solver 322/346] id=1414 FH=96.6ms FEM=3597.1ms valid=True
[solver 323/346] id=1415 FH=99.0ms FEM=3526.9ms valid=True
[solver 324/346] id=1421 FH=70.5ms FEM=3611.8ms valid=True
[solver 325/346] id=1422 FH=106.8ms FEM=3986.9ms valid=True
[solver 326/346] id=1424 FH=74.6ms FEM=3875.1ms valid=True
[solver 327/346] id=1427 FH=65.8ms FEM=3411.0ms valid=True
[solver 328/346] id=1444 FH=82.9ms FEM=3198.8ms valid=True
[solver 329/346] id=1446 FH=99.0ms FEM=3449.9ms valid=True
[solver 330/346] id=1447 FH=81.6ms FEM=3744.3ms valid=True
[solver 331/346] id=1448 FH=101.6ms FEM=4003.7ms valid=True
[solver 332/346] id=1449 FH=133.0ms FEM=3560.1ms valid=True
[solver 333/346] id=1456 FH=50.7ms FEM=3312.2ms valid=True
[solver 334/346] id=1458 FH=50.9ms FEM=3015.1ms valid=True
[solver 335/346] id=1464 FH=84.1ms FEM=3544.8ms valid=True
[solver 336/346] id=1466 FH=90.1ms FEM=3616.6ms valid=True
[solver 337/346] id=1467 FH=58.5ms FEM=3748.0ms valid=True
[solver 338/346] id=1469 FH=64.7ms FEM=3447.7ms valid=True
[solver 339/346] id=1473 FH=114.1ms FEM=3753.5ms valid=True
[solver 340/346] id=1474 FH=128.6ms FEM=3967.7ms valid=True
[solver 341/346] id=1476 FH=115.8ms FEM=3612.7ms valid=True
[solver 342/346] id=1477 FH=63.8ms FEM=2905.0ms valid=True
[solver 343/346] id=1484 FH=49.8ms FEM=3379.8ms valid=True
[solver 344/346] id=1485 FH=58.9ms FEM=3116.5ms valid=True
[solver 345/346] id=1491 FH=101.5ms FEM=3218.2ms valid=True
[solver 346/346] id=1496 FH=92.8ms FEM=3709.2ms valid=True
CLAIM_PROOF_RESULT=<repo>/results/proof_updates/jobs/claim_proof/job_51174495/results_claim_proof.json
{
  "speedup_solver_median_vs_batch_throughput_x": 11043.464393,
  "speedup_solver_median_vs_single_forward_x": 1601.406616,
  "speedup_solver_median_vs_end_to_end_gnn_x": 651.397698,
  "paired_speedup_solver_vs_end_to_end_gnn": {
    "n_designs": 67,
    "median_x": 670.160891,
    "p05_x": 486.866805,
    "p95_x": 1061.767426,
    "bootstrap_95pct_ci_median_x": [
      640.779346,
      710.369083
    ],
    "bootstrap_cluster": "design",
    "bootstrap_resamples": 10000
  },
  "projected_one_thousand_designs_solver_hours_from_median": 1.016388,
  "projected_one_thousand_designs_gnn_seconds_from_batch_throughput": 0.331327,
  "formula_note": "all ratios use paired-solver median from valid layouts"
}
